[0.687s] Invoking command in '/home/pawla/ros2_ws/src/rover_control': PYTHONPATH=/home/pawla/ros2_ws/build/rover_control/prefix_override:/usr/lib/python3/dist-packages/colcon_core/task/python/colcon_distutils_commands:/home/pawla/ros2_ws/install/rover_control/lib/python3.12/site-packages:${PYTHONPATH} /usr/bin/python3 -W ignore:setup.py install is deprecated -W ignore:easy_install command is deprecated setup.py egg_info --egg-base ../../build/rover_control build --build-base /home/pawla/ros2_ws/build/rover_control/build install --record /home/pawla/ros2_ws/build/rover_control/install.log --install-scripts $base/lib/rover_control --single-version-externally-managed install_data
[0.887s] running egg_info
[0.900s] writing ../../build/rover_control/rover_control.egg-info/PKG-INFO
[0.901s] writing dependency_links to ../../build/rover_control/rover_control.egg-info/dependency_links.txt
[0.901s] writing entry points to ../../build/rover_control/rover_control.egg-info/entry_points.txt
[0.902s] writing requirements to ../../build/rover_control/rover_control.egg-info/requires.txt
[0.902s] writing top-level names to ../../build/rover_control/rover_control.egg-info/top_level.txt
[0.927s] reading manifest file '../../build/rover_control/rover_control.egg-info/SOURCES.txt'
[0.927s] writing manifest file '../../build/rover_control/rover_control.egg-info/SOURCES.txt'
[0.927s] running build
[0.927s] running build_py
[0.928s] running install
[0.932s] running install_lib
[0.947s] running install_data
[0.948s] running install_egg_info
[0.962s] removing '/home/pawla/ros2_ws/install/rover_control/lib/python3.12/site-packages/rover_control-0.0.0-py3.12.egg-info' (and everything under it)
[0.962s] Copying ../../build/rover_control/rover_control.egg-info to /home/pawla/ros2_ws/install/rover_control/lib/python3.12/site-packages/rover_control-0.0.0-py3.12.egg-info
[0.963s] running install_scripts
[1.060s] Installing kinematyka_node script to /home/pawla/ros2_ws/install/rover_control/lib/rover_control
[1.060s] writing list of installed files to '/home/pawla/ros2_ws/build/rover_control/install.log'
[1.081s] Invoked command in '/home/pawla/ros2_ws/src/rover_control' returned '0': PYTHONPATH=/home/pawla/ros2_ws/build/rover_control/prefix_override:/usr/lib/python3/dist-packages/colcon_core/task/python/colcon_distutils_commands:/home/pawla/ros2_ws/install/rover_control/lib/python3.12/site-packages:${PYTHONPATH} /usr/bin/python3 -W ignore:setup.py install is deprecated -W ignore:easy_install command is deprecated setup.py egg_info --egg-base ../../build/rover_control build --build-base /home/pawla/ros2_ws/build/rover_control/build install --record /home/pawla/ros2_ws/build/rover_control/install.log --install-scripts $base/lib/rover_control --single-version-externally-managed install_data
