[0.609s] Invoking command in '/home/pawla/ros2_ws/src/rover_control': PYTHONPATH=/home/pawla/ros2_ws/build/rover_control/prefix_override:/usr/lib/python3/dist-packages/colcon_core/task/python/colcon_distutils_commands:/home/pawla/ros2_ws/install/rover_control/lib/python3.12/site-packages:${PYTHONPATH} /usr/bin/python3 -W ignore:setup.py install is deprecated -W ignore:easy_install command is deprecated setup.py egg_info --egg-base ../../build/rover_control build --build-base /home/pawla/ros2_ws/build/rover_control/build install --record /home/pawla/ros2_ws/build/rover_control/install.log --install-scripts $base/lib/rover_control --single-version-externally-managed install_data
[0.792s] running egg_info
[0.806s] writing ../../build/rover_control/rover_control.egg-info/PKG-INFO
[0.806s] writing dependency_links to ../../build/rover_control/rover_control.egg-info/dependency_links.txt
[0.806s] writing entry points to ../../build/rover_control/rover_control.egg-info/entry_points.txt
[0.807s] writing requirements to ../../build/rover_control/rover_control.egg-info/requires.txt
[0.807s] writing top-level names to ../../build/rover_control/rover_control.egg-info/top_level.txt
[0.831s] reading manifest file '../../build/rover_control/rover_control.egg-info/SOURCES.txt'
[0.831s] writing manifest file '../../build/rover_control/rover_control.egg-info/SOURCES.txt'
[0.832s] running build
[0.832s] running build_py
[0.832s] running install
[0.836s] running install_lib
[0.848s] running install_data
[0.848s] running install_egg_info
[0.862s] removing '/home/pawla/ros2_ws/install/rover_control/lib/python3.12/site-packages/rover_control-0.0.0-py3.12.egg-info' (and everything under it)
[0.863s] Copying ../../build/rover_control/rover_control.egg-info to /home/pawla/ros2_ws/install/rover_control/lib/python3.12/site-packages/rover_control-0.0.0-py3.12.egg-info
[0.864s] running install_scripts
[0.956s] Installing kinematyka_node script to /home/pawla/ros2_ws/install/rover_control/lib/rover_control
[0.956s] writing list of installed files to '/home/pawla/ros2_ws/build/rover_control/install.log'
[0.986s] Invoked command in '/home/pawla/ros2_ws/src/rover_control' returned '0': PYTHONPATH=/home/pawla/ros2_ws/build/rover_control/prefix_override:/usr/lib/python3/dist-packages/colcon_core/task/python/colcon_distutils_commands:/home/pawla/ros2_ws/install/rover_control/lib/python3.12/site-packages:${PYTHONPATH} /usr/bin/python3 -W ignore:setup.py install is deprecated -W ignore:easy_install command is deprecated setup.py egg_info --egg-base ../../build/rover_control build --build-base /home/pawla/ros2_ws/build/rover_control/build install --record /home/pawla/ros2_ws/build/rover_control/install.log --install-scripts $base/lib/rover_control --single-version-externally-managed install_data
