[0mCMake Deprecation Warning at CMakeLists.txt:1 (cmake_minimum_required):
  Compatibility with CMake < 3.5 will be removed from a future version of
  CMake.

  Update the VERSION argument <min> value or use a ...<max> suffix to tell
  CMake that the project does not need compatibility with older versions.

[0m
-- Found ament_cmake: 2.5.6 (/opt/ros/jazzy/share/ament_cmake/cmake)
-- Found Python3: /usr/bin/python3 (found version "3.12.3") found components: Interpreter 
WARNING: Package name "Rover_description" does not follow the naming conventions. It should start with a lower case letter and only contain lower case letters, digits, underscores, and dashes.
[33mCMake Warning (dev) at /opt/ros/jazzy/share/ament_cmake_core/cmake/core/ament_execute_extensions.cmake:41 (if):
  Policy CMP0057 is not set: Support new IN_LIST if() operator.  Run "cmake
  --help-policy CMP0057" for policy details.  Use the cmake_policy command to
  set the policy and suppress this warning.

  IN_LIST will be interpreted as an operator when the policy is set to NEW.
  Since the policy is not set the OLD behavior will be used.
Call Stack (most recent call first):
  /opt/ros/jazzy/share/ament_cmake_core/cmake/core/ament_package.cmake:66 (ament_execute_extensions)
  CMakeLists.txt:103 (ament_package)
This warning is for project developers.  Use -Wno-dev to suppress it.
[0m
[31mCMake Error at /opt/ros/jazzy/share/ament_cmake_core/cmake/core/ament_execute_extensions.cmake:41 (if):
  if given arguments:

    "ament_cmake_core" "IN_LIST" "_ARG_AMENT_EXECUTE_EXTENSIONS_EXCLUDE"

  Unknown arguments specified
Call Stack (most recent call first):
  /opt/ros/jazzy/share/ament_cmake_core/cmake/core/ament_package.cmake:66 (ament_execute_extensions)
  CMakeLists.txt:103 (ament_package)

[0m
-- Configuring incomplete, errors occurred!
