[0.185s] DEBUG:colcon:Command line arguments: ['/usr/bin/colcon', 'build', '--symlink-install']
[0.186s] DEBUG:colcon:Parsed command line arguments: Namespace(log_base=None, log_level=None, verb_name='build', build_base='build', install_base='install', merge_install=False, symlink_install=True, test_result_base=None, continue_on_error=False, executor='parallel', parallel_workers=16, event_handlers=None, ignore_user_meta=False, metas=['./colcon.meta'], base_paths=['.'], packages_ignore=None, packages_ignore_regex=None, paths=None, packages_up_to=None, packages_up_to_regex=None, packages_above=None, packages_above_and_dependencies=None, packages_above_depth=None, packages_select_by_dep=None, packages_skip_by_dep=None, packages_skip_up_to=None, packages_select_build_failed=False, packages_skip_build_finished=False, packages_select_test_failures=False, packages_skip_test_passed=False, packages_select=None, packages_skip=None, packages_select_regex=None, packages_skip_regex=None, packages_start=None, packages_end=None, allow_overriding=[], cmake_args=None, cmake_target=None, cmake_target_skip_unavailable=False, cmake_clean_cache=False, cmake_clean_first=False, cmake_force_configure=False, ament_cmake_args=None, catkin_cmake_args=None, catkin_skip_building_tests=False, mixin_files=None, mixin=None, verb_parser=<colcon_mixin.mixin.mixin_argument.MixinArgumentDecorator object at 0x7088af273290>, verb_extension=<colcon_core.verb.build.BuildVerb object at 0x7088af21f560>, main=<bound method BuildVerb.main of <colcon_core.verb.build.BuildVerb object at 0x7088af21f560>>, mixin_verb=('build',))
[0.236s] Level 1:colcon.colcon_core.package_discovery:discover_packages(colcon_meta) check parameters
[0.236s] Level 1:colcon.colcon_core.package_discovery:discover_packages(recursive) check parameters
[0.236s] Level 1:colcon.colcon_core.package_discovery:discover_packages(ignore) check parameters
[0.236s] Level 1:colcon.colcon_core.package_discovery:discover_packages(path) check parameters
[0.236s] Level 1:colcon.colcon_core.package_discovery:discover_packages(colcon_meta) discover
[0.236s] Level 1:colcon.colcon_core.package_discovery:discover_packages(recursive) discover
[0.236s] INFO:colcon.colcon_core.package_discovery:Crawling recursively for packages in '/home/pawla/ros2_ws'
[0.236s] Level 1:colcon.colcon_core.package_identification:_identify(.) by extensions ['ignore', 'ignore_ament_install']
[0.236s] Level 1:colcon.colcon_core.package_identification:_identify(.) by extension 'ignore'
[0.236s] Level 1:colcon.colcon_core.package_identification:_identify(.) by extension 'ignore_ament_install'
[0.236s] Level 1:colcon.colcon_core.package_identification:_identify(.) by extensions ['colcon_pkg']
[0.236s] Level 1:colcon.colcon_core.package_identification:_identify(.) by extension 'colcon_pkg'
[0.237s] Level 1:colcon.colcon_core.package_identification:_identify(.) by extensions ['colcon_meta']
[0.237s] Level 1:colcon.colcon_core.package_identification:_identify(.) by extension 'colcon_meta'
[0.237s] Level 1:colcon.colcon_core.package_identification:_identify(.) by extensions ['ros']
[0.237s] Level 1:colcon.colcon_core.package_identification:_identify(.) by extension 'ros'
[0.278s] Level 1:colcon.colcon_core.package_identification:_identify(.) by extensions ['cmake', 'python']
[0.278s] Level 1:colcon.colcon_core.package_identification:_identify(.) by extension 'cmake'
[0.278s] Level 1:colcon.colcon_core.package_identification:_identify(.) by extension 'python'
[0.278s] Level 1:colcon.colcon_core.package_identification:_identify(.) by extensions ['python_setup_py']
[0.278s] Level 1:colcon.colcon_core.package_identification:_identify(.) by extension 'python_setup_py'
[0.278s] Level 1:colcon.colcon_core.package_identification:_identify(build) by extensions ['ignore', 'ignore_ament_install']
[0.278s] Level 1:colcon.colcon_core.package_identification:_identify(build) by extension 'ignore'
[0.278s] Level 1:colcon.colcon_core.package_identification:_identify(build) ignored
[0.278s] Level 1:colcon.colcon_core.package_identification:_identify(install) by extensions ['ignore', 'ignore_ament_install']
[0.279s] Level 1:colcon.colcon_core.package_identification:_identify(install) by extension 'ignore'
[0.279s] Level 1:colcon.colcon_core.package_identification:_identify(install) ignored
[0.279s] Level 1:colcon.colcon_core.package_identification:_identify(log) by extensions ['ignore', 'ignore_ament_install']
[0.279s] Level 1:colcon.colcon_core.package_identification:_identify(log) by extension 'ignore'
[0.279s] Level 1:colcon.colcon_core.package_identification:_identify(log) ignored
[0.279s] Level 1:colcon.colcon_core.package_identification:_identify(ros_venv) by extensions ['ignore', 'ignore_ament_install']
[0.279s] Level 1:colcon.colcon_core.package_identification:_identify(ros_venv) by extension 'ignore'
[0.279s] Level 1:colcon.colcon_core.package_identification:_identify(ros_venv) ignored
[0.279s] Level 1:colcon.colcon_core.package_identification:_identify(src) by extensions ['ignore', 'ignore_ament_install']
[0.279s] Level 1:colcon.colcon_core.package_identification:_identify(src) by extension 'ignore'
[0.279s] Level 1:colcon.colcon_core.package_identification:_identify(src) by extension 'ignore_ament_install'
[0.279s] Level 1:colcon.colcon_core.package_identification:_identify(src) by extensions ['colcon_pkg']
[0.279s] Level 1:colcon.colcon_core.package_identification:_identify(src) by extension 'colcon_pkg'
[0.279s] Level 1:colcon.colcon_core.package_identification:_identify(src) by extensions ['colcon_meta']
[0.279s] Level 1:colcon.colcon_core.package_identification:_identify(src) by extension 'colcon_meta'
[0.279s] Level 1:colcon.colcon_core.package_identification:_identify(src) by extensions ['ros']
[0.279s] Level 1:colcon.colcon_core.package_identification:_identify(src) by extension 'ros'
[0.279s] Level 1:colcon.colcon_core.package_identification:_identify(src) by extensions ['cmake', 'python']
[0.279s] Level 1:colcon.colcon_core.package_identification:_identify(src) by extension 'cmake'
[0.279s] Level 1:colcon.colcon_core.package_identification:_identify(src) by extension 'python'
[0.279s] Level 1:colcon.colcon_core.package_identification:_identify(src) by extensions ['python_setup_py']
[0.280s] Level 1:colcon.colcon_core.package_identification:_identify(src) by extension 'python_setup_py'
[0.280s] Level 1:colcon.colcon_core.package_identification:_identify(src/build) by extensions ['ignore', 'ignore_ament_install']
[0.280s] Level 1:colcon.colcon_core.package_identification:_identify(src/build) by extension 'ignore'
[0.280s] Level 1:colcon.colcon_core.package_identification:_identify(src/build) ignored
[0.280s] Level 1:colcon.colcon_core.package_identification:_identify(src/install) by extensions ['ignore', 'ignore_ament_install']
[0.280s] Level 1:colcon.colcon_core.package_identification:_identify(src/install) by extension 'ignore'
[0.280s] Level 1:colcon.colcon_core.package_identification:_identify(src/install) ignored
[0.281s] Level 1:colcon.colcon_core.package_identification:_identify(src/log) by extensions ['ignore', 'ignore_ament_install']
[0.281s] Level 1:colcon.colcon_core.package_identification:_identify(src/log) by extension 'ignore'
[0.281s] Level 1:colcon.colcon_core.package_identification:_identify(src/log) ignored
[0.281s] Level 1:colcon.colcon_core.package_identification:_identify(src/rover_control) by extensions ['ignore', 'ignore_ament_install']
[0.281s] Level 1:colcon.colcon_core.package_identification:_identify(src/rover_control) by extension 'ignore'
[0.281s] Level 1:colcon.colcon_core.package_identification:_identify(src/rover_control) by extension 'ignore_ament_install'
[0.282s] Level 1:colcon.colcon_core.package_identification:_identify(src/rover_control) by extensions ['colcon_pkg']
[0.282s] Level 1:colcon.colcon_core.package_identification:_identify(src/rover_control) by extension 'colcon_pkg'
[0.282s] Level 1:colcon.colcon_core.package_identification:_identify(src/rover_control) by extensions ['colcon_meta']
[0.282s] Level 1:colcon.colcon_core.package_identification:_identify(src/rover_control) by extension 'colcon_meta'
[0.282s] Level 1:colcon.colcon_core.package_identification:_identify(src/rover_control) by extensions ['ros']
[0.282s] Level 1:colcon.colcon_core.package_identification:_identify(src/rover_control) by extension 'ros'
[0.285s] DEBUG:colcon.colcon_core.package_identification:Package 'src/rover_control' with type 'ros.ament_python' and name 'rover_control'
[0.285s] Level 1:colcon.colcon_core.package_identification:_identify(src/rover_description) by extensions ['ignore', 'ignore_ament_install']
[0.285s] Level 1:colcon.colcon_core.package_identification:_identify(src/rover_description) by extension 'ignore'
[0.286s] Level 1:colcon.colcon_core.package_identification:_identify(src/rover_description) by extension 'ignore_ament_install'
[0.286s] Level 1:colcon.colcon_core.package_identification:_identify(src/rover_description) by extensions ['colcon_pkg']
[0.286s] Level 1:colcon.colcon_core.package_identification:_identify(src/rover_description) by extension 'colcon_pkg'
[0.286s] Level 1:colcon.colcon_core.package_identification:_identify(src/rover_description) by extensions ['colcon_meta']
[0.286s] Level 1:colcon.colcon_core.package_identification:_identify(src/rover_description) by extension 'colcon_meta'
[0.286s] Level 1:colcon.colcon_core.package_identification:_identify(src/rover_description) by extensions ['ros']
[0.286s] Level 1:colcon.colcon_core.package_identification:_identify(src/rover_description) by extension 'ros'
[0.286s] Level 1:colcon.colcon_core.package_identification:_identify(src/rover_description) by extensions ['cmake', 'python']
[0.286s] Level 1:colcon.colcon_core.package_identification:_identify(src/rover_description) by extension 'cmake'
[0.286s] Level 1:colcon.colcon_core.package_identification:_identify(src/rover_description) by extension 'python'
[0.286s] Level 1:colcon.colcon_core.package_identification:_identify(src/rover_description) by extensions ['python_setup_py']
[0.286s] Level 1:colcon.colcon_core.package_identification:_identify(src/rover_description) by extension 'python_setup_py'
[0.286s] Level 1:colcon.colcon_core.package_identification:_identify(src/rover_description/build) by extensions ['ignore', 'ignore_ament_install']
[0.286s] Level 1:colcon.colcon_core.package_identification:_identify(src/rover_description/build) by extension 'ignore'
[0.286s] Level 1:colcon.colcon_core.package_identification:_identify(src/rover_description/build) ignored
[0.286s] Level 1:colcon.colcon_core.package_identification:_identify(src/rover_description/install) by extensions ['ignore', 'ignore_ament_install']
[0.287s] Level 1:colcon.colcon_core.package_identification:_identify(src/rover_description/install) by extension 'ignore'
[0.287s] Level 1:colcon.colcon_core.package_identification:_identify(src/rover_description/install) ignored
[0.287s] Level 1:colcon.colcon_core.package_identification:_identify(src/rover_description/log) by extensions ['ignore', 'ignore_ament_install']
[0.287s] Level 1:colcon.colcon_core.package_identification:_identify(src/rover_description/log) by extension 'ignore'
[0.287s] Level 1:colcon.colcon_core.package_identification:_identify(src/rover_description/log) ignored
[0.287s] Level 1:colcon.colcon_core.package_identification:_identify(src/rover_description/rover_description) by extensions ['ignore', 'ignore_ament_install']
[0.287s] Level 1:colcon.colcon_core.package_identification:_identify(src/rover_description/rover_description) by extension 'ignore'
[0.287s] Level 1:colcon.colcon_core.package_identification:_identify(src/rover_description/rover_description) by extension 'ignore_ament_install'
[0.287s] Level 1:colcon.colcon_core.package_identification:_identify(src/rover_description/rover_description) by extensions ['colcon_pkg']
[0.287s] Level 1:colcon.colcon_core.package_identification:_identify(src/rover_description/rover_description) by extension 'colcon_pkg'
[0.287s] Level 1:colcon.colcon_core.package_identification:_identify(src/rover_description/rover_description) by extensions ['colcon_meta']
[0.287s] Level 1:colcon.colcon_core.package_identification:_identify(src/rover_description/rover_description) by extension 'colcon_meta'
[0.288s] Level 1:colcon.colcon_core.package_identification:_identify(src/rover_description/rover_description) by extensions ['ros']
[0.288s] Level 1:colcon.colcon_core.package_identification:_identify(src/rover_description/rover_description) by extension 'ros'
[0.288s] DEBUG:colcon.colcon_core.package_identification:Package 'src/rover_description/rover_description' with type 'ros.ament_cmake' and name 'rover_description'
[0.288s] Level 1:colcon.colcon_core.package_discovery:discover_packages(recursive) using defaults
[0.289s] Level 1:colcon.colcon_core.package_discovery:discover_packages(ignore) discover
[0.289s] Level 1:colcon.colcon_core.package_discovery:discover_packages(ignore) using defaults
[0.289s] Level 1:colcon.colcon_core.package_discovery:discover_packages(path) discover
[0.289s] Level 1:colcon.colcon_core.package_discovery:discover_packages(path) using defaults
[0.316s] Level 1:colcon.colcon_core.package_discovery:discover_packages(prefix_path) check parameters
[0.316s] Level 1:colcon.colcon_core.package_discovery:discover_packages(prefix_path) discover
[0.317s] WARNING:colcon.colcon_ros.prefix_path.ament:The path '/home/pawla/ros2_ws/install/rover_description' in the environment variable AMENT_PREFIX_PATH doesn't exist
[0.317s] WARNING:colcon.colcon_ros.prefix_path.ament:The path '/home/pawla/ros2_ws/install/rover_control' in the environment variable AMENT_PREFIX_PATH doesn't exist
[0.318s] WARNING:colcon.colcon_ros.prefix_path.catkin:The path '/home/pawla/ros2_ws/install/rover_description' in the environment variable CMAKE_PREFIX_PATH doesn't exist
[0.318s] DEBUG:colcon.colcon_installed_package_information.package_discovery:Found 0 installed packages in /home/pawla/ros2_ws/install
[0.321s] DEBUG:colcon.colcon_installed_package_information.package_discovery:Found 375 installed packages in /opt/ros/jazzy
[0.323s] Level 1:colcon.colcon_core.package_discovery:discover_packages(prefix_path) using defaults
[0.391s] Level 5:colcon.colcon_core.verb:set package 'rover_control' build argument 'cmake_args' from command line to 'None'
[0.391s] Level 5:colcon.colcon_core.verb:set package 'rover_control' build argument 'cmake_target' from command line to 'None'
[0.391s] Level 5:colcon.colcon_core.verb:set package 'rover_control' build argument 'cmake_target_skip_unavailable' from command line to 'False'
[0.391s] Level 5:colcon.colcon_core.verb:set package 'rover_control' build argument 'cmake_clean_cache' from command line to 'False'
[0.391s] Level 5:colcon.colcon_core.verb:set package 'rover_control' build argument 'cmake_clean_first' from command line to 'False'
[0.391s] Level 5:colcon.colcon_core.verb:set package 'rover_control' build argument 'cmake_force_configure' from command line to 'False'
[0.391s] Level 5:colcon.colcon_core.verb:set package 'rover_control' build argument 'ament_cmake_args' from command line to 'None'
[0.391s] Level 5:colcon.colcon_core.verb:set package 'rover_control' build argument 'catkin_cmake_args' from command line to 'None'
[0.391s] Level 5:colcon.colcon_core.verb:set package 'rover_control' build argument 'catkin_skip_building_tests' from command line to 'False'
[0.391s] DEBUG:colcon.colcon_core.verb:Building package 'rover_control' with the following arguments: {'ament_cmake_args': None, 'build_base': '/home/pawla/ros2_ws/build/rover_control', 'catkin_cmake_args': None, 'catkin_skip_building_tests': False, 'cmake_args': None, 'cmake_clean_cache': False, 'cmake_clean_first': False, 'cmake_force_configure': False, 'cmake_target': None, 'cmake_target_skip_unavailable': False, 'install_base': '/home/pawla/ros2_ws/install/rover_control', 'merge_install': False, 'path': '/home/pawla/ros2_ws/src/rover_control', 'symlink_install': True, 'test_result_base': None}
[0.392s] Level 5:colcon.colcon_core.verb:set package 'rover_description' build argument 'cmake_args' from command line to 'None'
[0.392s] Level 5:colcon.colcon_core.verb:set package 'rover_description' build argument 'cmake_target' from command line to 'None'
[0.392s] Level 5:colcon.colcon_core.verb:set package 'rover_description' build argument 'cmake_target_skip_unavailable' from command line to 'False'
[0.392s] Level 5:colcon.colcon_core.verb:set package 'rover_description' build argument 'cmake_clean_cache' from command line to 'False'
[0.392s] Level 5:colcon.colcon_core.verb:set package 'rover_description' build argument 'cmake_clean_first' from command line to 'False'
[0.392s] Level 5:colcon.colcon_core.verb:set package 'rover_description' build argument 'cmake_force_configure' from command line to 'False'
[0.392s] Level 5:colcon.colcon_core.verb:set package 'rover_description' build argument 'ament_cmake_args' from command line to 'None'
[0.392s] Level 5:colcon.colcon_core.verb:set package 'rover_description' build argument 'catkin_cmake_args' from command line to 'None'
[0.392s] Level 5:colcon.colcon_core.verb:set package 'rover_description' build argument 'catkin_skip_building_tests' from command line to 'False'
[0.392s] DEBUG:colcon.colcon_core.verb:Building package 'rover_description' with the following arguments: {'ament_cmake_args': None, 'build_base': '/home/pawla/ros2_ws/build/rover_description', 'catkin_cmake_args': None, 'catkin_skip_building_tests': False, 'cmake_args': None, 'cmake_clean_cache': False, 'cmake_clean_first': False, 'cmake_force_configure': False, 'cmake_target': None, 'cmake_target_skip_unavailable': False, 'install_base': '/home/pawla/ros2_ws/install/rover_description', 'merge_install': False, 'path': '/home/pawla/ros2_ws/src/rover_description/rover_description', 'symlink_install': True, 'test_result_base': None}
[0.392s] INFO:colcon.colcon_core.executor:Executing jobs using 'parallel' executor
[0.394s] DEBUG:colcon.colcon_parallel_executor.executor.parallel:run_until_complete
[0.394s] INFO:colcon.colcon_ros.task.ament_python.build:Building ROS package in '/home/pawla/ros2_ws/src/rover_control' with build type 'ament_python'
[0.394s] Level 1:colcon.colcon_core.shell:create_environment_hook('rover_control', 'ament_prefix_path')
[0.398s] INFO:colcon.colcon_core.plugin_system:Skipping extension 'colcon_core.shell.bat': Not used on non-Windows systems
[0.398s] INFO:colcon.colcon_core.shell:Creating environment hook '/home/pawla/ros2_ws/install/rover_control/share/rover_control/hook/ament_prefix_path.ps1'
[0.400s] INFO:colcon.colcon_core.shell:Creating environment descriptor '/home/pawla/ros2_ws/install/rover_control/share/rover_control/hook/ament_prefix_path.dsv'
[0.400s] INFO:colcon.colcon_core.shell:Creating environment hook '/home/pawla/ros2_ws/install/rover_control/share/rover_control/hook/ament_prefix_path.sh'
[0.401s] INFO:colcon.colcon_core.shell:Skip shell extension 'powershell' for command environment: Not usable outside of PowerShell
[0.401s] DEBUG:colcon.colcon_core.shell:Skip shell extension 'dsv' for command environment
[0.406s] INFO:colcon.colcon_ros.task.ament_cmake.build:Building ROS package in '/home/pawla/ros2_ws/src/rover_description/rover_description' with build type 'ament_cmake'
[0.406s] INFO:colcon.colcon_cmake.task.cmake.build:Building CMake package in '/home/pawla/ros2_ws/src/rover_description/rover_description'
[0.407s] INFO:colcon.colcon_core.shell:Skip shell extension 'powershell' for command environment: Not usable outside of PowerShell
[0.407s] DEBUG:colcon.colcon_core.shell:Skip shell extension 'dsv' for command environment
[0.677s] INFO:colcon.colcon_core.task.python.build:Building Python package in '/home/pawla/ros2_ws/src/rover_control'
[0.677s] INFO:colcon.colcon_core.shell:Skip shell extension 'powershell' for command environment: Not usable outside of PowerShell
[0.677s] DEBUG:colcon.colcon_core.shell:Skip shell extension 'dsv' for command environment
[0.687s] DEBUG:colcon.colcon_core.event_handler.log_command:Invoking command in '/home/pawla/ros2_ws/build/rover_description': CMAKE_PREFIX_PATH=${CMAKE_PREFIX_PATH}:/home/pawla/ros2_ws/install/rover_control:/opt/ros/jazzy /usr/bin/cmake /home/pawla/ros2_ws/src/rover_description/rover_description -DAMENT_CMAKE_SYMLINK_INSTALL=1 -DCMAKE_INSTALL_PREFIX=/home/pawla/ros2_ws/install/rover_description
[1.360s] DEBUG:colcon.colcon_core.task.python.build:Available setuptools commands: register, install, clean, compile_catalog, rotate, install_headers, install_data, bdist_dumb, test, extract_messages, build_clib, bdist_egg, install_scripts, setopt, symlink_data, update_catalog, develop, upload_docs, dist_info, init_catalog, bdist, build_py, alias, ptr, build_ext, upload, pytest, saveopts, build, build_scripts, sdist, install_lib, bdist_rpm, bdist_wheel, install_egg_info, check, easy_install, egg_info, editable_wheel
[1.687s] DEBUG:colcon.colcon_core.task.python.build:Available setuptools 'develop' options: --verbose, --script-dir, --no-user-cfg, --exclude-scripts, --no-find-links, --find-links, --version, --prefix, --user, --always-copy, --egg-path, --dry-run, --force-installation-into-system-dir, --optimize, --zip-ok, --site-dirs, --always-unzip, --record, --help, --multi-version, --quiet, --index-url, --local-snapshots-ok, --install-layout, --uninstall, --no-deps, --install-dir, --allow-hosts, --editable, --upgrade, --build-directory
[1.691s] DEBUG:colcon.colcon_core.event_handler.log_command:Invoking command in '/home/pawla/ros2_ws/build/rover_control': PYTHONPATH=/home/pawla/ros2_ws/build/rover_control/prefix_override:/usr/lib/python3/dist-packages/colcon_core/task/python/colcon_distutils_commands:/home/pawla/ros2_ws/install/rover_control/lib/python3.12/site-packages:${PYTHONPATH} /usr/bin/python3 -W ignore:setup.py install is deprecated -W ignore:easy_install command is deprecated setup.py develop --editable --build-directory /home/pawla/ros2_ws/build/rover_control/build --no-deps symlink_data
[2.351s] Level 1:colcon.colcon_core.shell:create_environment_hook('rover_control', 'pythonpath_develop')
[2.352s] INFO:colcon.colcon_core.shell:Creating environment hook '/home/pawla/ros2_ws/build/rover_control/share/rover_control/hook/pythonpath_develop.ps1'
[2.352s] DEBUG:colcon.colcon_core.event_handler.log_command:Invoked command in '/home/pawla/ros2_ws/build/rover_control' returned '0': PYTHONPATH=/home/pawla/ros2_ws/build/rover_control/prefix_override:/usr/lib/python3/dist-packages/colcon_core/task/python/colcon_distutils_commands:/home/pawla/ros2_ws/install/rover_control/lib/python3.12/site-packages:${PYTHONPATH} /usr/bin/python3 -W ignore:setup.py install is deprecated -W ignore:easy_install command is deprecated setup.py develop --editable --build-directory /home/pawla/ros2_ws/build/rover_control/build --no-deps symlink_data
[2.353s] INFO:colcon.colcon_core.shell:Creating environment descriptor '/home/pawla/ros2_ws/build/rover_control/share/rover_control/hook/pythonpath_develop.dsv'
[2.354s] INFO:colcon.colcon_core.shell:Creating environment hook '/home/pawla/ros2_ws/build/rover_control/share/rover_control/hook/pythonpath_develop.sh'
[2.355s] Level 1:colcon.colcon_core.environment:checking '/home/pawla/ros2_ws/install/rover_control' for CMake module files
[2.356s] Level 1:colcon.colcon_core.environment:checking '/home/pawla/ros2_ws/install/rover_control' for CMake config files
[2.356s] Level 1:colcon.colcon_core.environment:checking '/home/pawla/ros2_ws/install/rover_control/lib'
[2.356s] Level 1:colcon.colcon_core.environment:checking '/home/pawla/ros2_ws/install/rover_control/bin'
[2.357s] Level 1:colcon.colcon_core.environment:checking '/home/pawla/ros2_ws/install/rover_control/lib/pkgconfig/rover_control.pc'
[2.357s] Level 1:colcon.colcon_core.environment:checking '/home/pawla/ros2_ws/install/rover_control/lib/python3.12/site-packages'
[2.357s] Level 1:colcon.colcon_core.shell:create_environment_hook('rover_control', 'pythonpath')
[2.357s] INFO:colcon.colcon_core.shell:Creating environment hook '/home/pawla/ros2_ws/install/rover_control/share/rover_control/hook/pythonpath.ps1'
[2.358s] INFO:colcon.colcon_core.shell:Creating environment descriptor '/home/pawla/ros2_ws/install/rover_control/share/rover_control/hook/pythonpath.dsv'
[2.358s] INFO:colcon.colcon_core.shell:Creating environment hook '/home/pawla/ros2_ws/install/rover_control/share/rover_control/hook/pythonpath.sh'
[2.358s] Level 1:colcon.colcon_core.environment:checking '/home/pawla/ros2_ws/install/rover_control/bin'
[2.358s] Level 1:colcon.colcon_core.environment:create_environment_scripts_only(rover_control)
[2.359s] INFO:colcon.colcon_core.shell:Creating package script '/home/pawla/ros2_ws/install/rover_control/share/rover_control/package.ps1'
[2.360s] INFO:colcon.colcon_core.shell:Creating package descriptor '/home/pawla/ros2_ws/install/rover_control/share/rover_control/package.dsv'
[2.360s] INFO:colcon.colcon_core.shell:Creating package script '/home/pawla/ros2_ws/install/rover_control/share/rover_control/package.sh'
[2.361s] INFO:colcon.colcon_core.shell:Creating package script '/home/pawla/ros2_ws/install/rover_control/share/rover_control/package.bash'
[2.361s] INFO:colcon.colcon_core.shell:Creating package script '/home/pawla/ros2_ws/install/rover_control/share/rover_control/package.zsh'
[2.362s] Level 1:colcon.colcon_core.environment:create_file_with_runtime_dependencies(/home/pawla/ros2_ws/install/rover_control/share/colcon-core/packages/rover_control)
[2.419s] DEBUG:colcon.colcon_core.event_handler.log_command:Invoked command in '/home/pawla/ros2_ws/build/rover_description' returned '0': CMAKE_PREFIX_PATH=${CMAKE_PREFIX_PATH}:/home/pawla/ros2_ws/install/rover_control:/opt/ros/jazzy /usr/bin/cmake /home/pawla/ros2_ws/src/rover_description/rover_description -DAMENT_CMAKE_SYMLINK_INSTALL=1 -DCMAKE_INSTALL_PREFIX=/home/pawla/ros2_ws/install/rover_description
[2.420s] DEBUG:colcon.colcon_core.event_handler.log_command:Invoking command in '/home/pawla/ros2_ws/build/rover_description': CMAKE_PREFIX_PATH=${CMAKE_PREFIX_PATH}:/home/pawla/ros2_ws/install/rover_control:/opt/ros/jazzy /usr/bin/cmake --build /home/pawla/ros2_ws/build/rover_description -- -j16 -l16
[2.474s] DEBUG:colcon.colcon_core.event_handler.log_command:Invoked command in '/home/pawla/ros2_ws/build/rover_description' returned '0': CMAKE_PREFIX_PATH=${CMAKE_PREFIX_PATH}:/home/pawla/ros2_ws/install/rover_control:/opt/ros/jazzy /usr/bin/cmake --build /home/pawla/ros2_ws/build/rover_description -- -j16 -l16
[2.487s] DEBUG:colcon.colcon_core.event_handler.log_command:Invoking command in '/home/pawla/ros2_ws/build/rover_description': CMAKE_PREFIX_PATH=${CMAKE_PREFIX_PATH}:/home/pawla/ros2_ws/install/rover_control:/opt/ros/jazzy /usr/bin/cmake --install /home/pawla/ros2_ws/build/rover_description
[4.198s] Level 1:colcon.colcon_core.environment:create_environment_scripts_only(rover_description)
[4.198s] Level 1:colcon.colcon_core.environment:checking '/home/pawla/ros2_ws/install/rover_description' for CMake module files
[4.199s] DEBUG:colcon.colcon_core.event_handler.log_command:Invoked command in '/home/pawla/ros2_ws/build/rover_description' returned '0': CMAKE_PREFIX_PATH=${CMAKE_PREFIX_PATH}:/home/pawla/ros2_ws/install/rover_control:/opt/ros/jazzy /usr/bin/cmake --install /home/pawla/ros2_ws/build/rover_description
[4.200s] Level 1:colcon.colcon_core.environment:checking '/home/pawla/ros2_ws/install/rover_description' for CMake config files
[4.200s] Level 1:colcon.colcon_core.shell:create_environment_hook('rover_description', 'cmake_prefix_path')
[4.200s] INFO:colcon.colcon_core.shell:Creating environment hook '/home/pawla/ros2_ws/install/rover_description/share/rover_description/hook/cmake_prefix_path.ps1'
[4.201s] INFO:colcon.colcon_core.shell:Creating environment descriptor '/home/pawla/ros2_ws/install/rover_description/share/rover_description/hook/cmake_prefix_path.dsv'
[4.202s] INFO:colcon.colcon_core.shell:Creating environment hook '/home/pawla/ros2_ws/install/rover_description/share/rover_description/hook/cmake_prefix_path.sh'
[4.202s] Level 1:colcon.colcon_core.environment:checking '/home/pawla/ros2_ws/install/rover_description/bin'
[4.202s] Level 1:colcon.colcon_core.environment:checking '/home/pawla/ros2_ws/install/rover_description/lib/pkgconfig/rover_description.pc'
[4.202s] Level 1:colcon.colcon_core.environment:checking '/home/pawla/ros2_ws/install/rover_description/lib/python3.12/site-packages'
[4.202s] Level 1:colcon.colcon_core.environment:checking '/home/pawla/ros2_ws/install/rover_description/bin'
[4.203s] INFO:colcon.colcon_core.shell:Creating package script '/home/pawla/ros2_ws/install/rover_description/share/rover_description/package.ps1'
[4.203s] INFO:colcon.colcon_core.shell:Creating package descriptor '/home/pawla/ros2_ws/install/rover_description/share/rover_description/package.dsv'
[4.204s] INFO:colcon.colcon_core.shell:Creating package script '/home/pawla/ros2_ws/install/rover_description/share/rover_description/package.sh'
[4.204s] INFO:colcon.colcon_core.shell:Creating package script '/home/pawla/ros2_ws/install/rover_description/share/rover_description/package.bash'
[4.205s] INFO:colcon.colcon_core.shell:Creating package script '/home/pawla/ros2_ws/install/rover_description/share/rover_description/package.zsh'
[4.205s] Level 1:colcon.colcon_core.environment:create_file_with_runtime_dependencies(/home/pawla/ros2_ws/install/rover_description/share/colcon-core/packages/rover_description)
[4.206s] Level 1:colcon.colcon_core.environment:create_environment_scripts_only(rover_description)
[4.206s] Level 1:colcon.colcon_core.environment:checking '/home/pawla/ros2_ws/install/rover_description' for CMake module files
[4.207s] Level 1:colcon.colcon_core.environment:checking '/home/pawla/ros2_ws/install/rover_description' for CMake config files
[4.207s] Level 1:colcon.colcon_core.shell:create_environment_hook('rover_description', 'cmake_prefix_path')
[4.207s] INFO:colcon.colcon_core.shell:Creating environment hook '/home/pawla/ros2_ws/install/rover_description/share/rover_description/hook/cmake_prefix_path.ps1'
[4.207s] INFO:colcon.colcon_core.shell:Creating environment descriptor '/home/pawla/ros2_ws/install/rover_description/share/rover_description/hook/cmake_prefix_path.dsv'
[4.208s] INFO:colcon.colcon_core.shell:Creating environment hook '/home/pawla/ros2_ws/install/rover_description/share/rover_description/hook/cmake_prefix_path.sh'
[4.208s] Level 1:colcon.colcon_core.environment:checking '/home/pawla/ros2_ws/install/rover_description/bin'
[4.208s] Level 1:colcon.colcon_core.environment:checking '/home/pawla/ros2_ws/install/rover_description/lib/pkgconfig/rover_description.pc'
[4.208s] Level 1:colcon.colcon_core.environment:checking '/home/pawla/ros2_ws/install/rover_description/lib/python3.12/site-packages'
[4.209s] Level 1:colcon.colcon_core.environment:checking '/home/pawla/ros2_ws/install/rover_description/bin'
[4.209s] INFO:colcon.colcon_core.shell:Creating package script '/home/pawla/ros2_ws/install/rover_description/share/rover_description/package.ps1'
[4.209s] INFO:colcon.colcon_core.shell:Creating package descriptor '/home/pawla/ros2_ws/install/rover_description/share/rover_description/package.dsv'
[4.210s] INFO:colcon.colcon_core.shell:Creating package script '/home/pawla/ros2_ws/install/rover_description/share/rover_description/package.sh'
[4.210s] INFO:colcon.colcon_core.shell:Creating package script '/home/pawla/ros2_ws/install/rover_description/share/rover_description/package.bash'
[4.210s] INFO:colcon.colcon_core.shell:Creating package script '/home/pawla/ros2_ws/install/rover_description/share/rover_description/package.zsh'
[4.211s] Level 1:colcon.colcon_core.environment:create_file_with_runtime_dependencies(/home/pawla/ros2_ws/install/rover_description/share/colcon-core/packages/rover_description)
[4.211s] DEBUG:colcon.colcon_parallel_executor.executor.parallel:closing loop
[4.212s] DEBUG:colcon.colcon_parallel_executor.executor.parallel:loop closed
[4.212s] DEBUG:colcon.colcon_parallel_executor.executor.parallel:run_until_complete finished with '0'
[4.212s] DEBUG:colcon.colcon_core.event_reactor:joining thread
[4.238s] INFO:colcon.colcon_core.plugin_system:Skipping extension 'colcon_notification.desktop_notification.notify_send': Could not find 'notify-send'
[4.238s] INFO:colcon.colcon_core.plugin_system:Skipping extension 'colcon_notification.desktop_notification.terminal_notifier': Not used on non-Darwin systems
[4.238s] INFO:colcon.colcon_core.plugin_system:Skipping extension 'colcon_notification.desktop_notification.win32': Not used on non-Windows systems
[4.239s] INFO:colcon.colcon_notification.desktop_notification:Sending desktop notification using 'notify2'
[4.240s] DEBUG:colcon.colcon_notification.desktop_notification.notify2:Failed to initialize notify2: org.freedesktop.DBus.Error.ServiceUnknown: The name org.freedesktop.Notifications was not provided by any .service files
[4.240s] DEBUG:colcon.colcon_core.event_reactor:joined thread
[4.240s] INFO:colcon.colcon_core.shell:Creating prefix script '/home/pawla/ros2_ws/install/local_setup.ps1'
[4.241s] INFO:colcon.colcon_core.shell:Creating prefix util module '/home/pawla/ros2_ws/install/_local_setup_util_ps1.py'
[4.242s] INFO:colcon.colcon_core.shell:Creating prefix chain script '/home/pawla/ros2_ws/install/setup.ps1'
[4.243s] INFO:colcon.colcon_core.shell:Creating prefix script '/home/pawla/ros2_ws/install/local_setup.sh'
[4.243s] INFO:colcon.colcon_core.shell:Creating prefix util module '/home/pawla/ros2_ws/install/_local_setup_util_sh.py'
[4.244s] INFO:colcon.colcon_core.shell:Creating prefix chain script '/home/pawla/ros2_ws/install/setup.sh'
[4.245s] INFO:colcon.colcon_core.shell:Creating prefix script '/home/pawla/ros2_ws/install/local_setup.bash'
[4.246s] INFO:colcon.colcon_core.shell:Creating prefix chain script '/home/pawla/ros2_ws/install/setup.bash'
[4.247s] INFO:colcon.colcon_core.shell:Creating prefix script '/home/pawla/ros2_ws/install/local_setup.zsh'
[4.247s] INFO:colcon.colcon_core.shell:Creating prefix chain script '/home/pawla/ros2_ws/install/setup.zsh'
