[0.105s] DEBUG:colcon:Command line arguments: ['/usr/bin/colcon', 'build']
[0.105s] DEBUG:colcon:Parsed command line arguments: Namespace(log_base=None, log_level=None, verb_name='build', build_base='build', install_base='install', merge_install=False, symlink_install=False, test_result_base=None, continue_on_error=False, executor='parallel', parallel_workers=16, event_handlers=None, ignore_user_meta=False, metas=['./colcon.meta'], base_paths=['.'], packages_ignore=None, packages_ignore_regex=None, paths=None, packages_up_to=None, packages_up_to_regex=None, packages_above=None, packages_above_and_dependencies=None, packages_above_depth=None, packages_select_by_dep=None, packages_skip_by_dep=None, packages_skip_up_to=None, packages_select_build_failed=False, packages_skip_build_finished=False, packages_select_test_failures=False, packages_skip_test_passed=False, packages_select=None, packages_skip=None, packages_select_regex=None, packages_skip_regex=None, packages_start=None, packages_end=None, allow_overriding=[], cmake_args=None, cmake_target=None, cmake_target_skip_unavailable=False, cmake_clean_cache=False, cmake_clean_first=False, cmake_force_configure=False, ament_cmake_args=None, catkin_cmake_args=None, catkin_skip_building_tests=False, mixin_files=None, mixin=None, verb_parser=<colcon_mixin.mixin.mixin_argument.MixinArgumentDecorator object at 0x7e530fb77530>, verb_extension=<colcon_core.verb.build.BuildVerb object at 0x7e530fb771a0>, main=<bound method BuildVerb.main of <colcon_core.verb.build.BuildVerb object at 0x7e530fb771a0>>, mixin_verb=('build',))
[0.133s] Level 1:colcon.colcon_core.package_discovery:discover_packages(colcon_meta) check parameters
[0.133s] Level 1:colcon.colcon_core.package_discovery:discover_packages(recursive) check parameters
[0.133s] Level 1:colcon.colcon_core.package_discovery:discover_packages(ignore) check parameters
[0.133s] Level 1:colcon.colcon_core.package_discovery:discover_packages(path) check parameters
[0.133s] Level 1:colcon.colcon_core.package_discovery:discover_packages(colcon_meta) discover
[0.133s] Level 1:colcon.colcon_core.package_discovery:discover_packages(recursive) discover
[0.133s] INFO:colcon.colcon_core.package_discovery:Crawling recursively for packages in '/home/pawla/ros2_ws'
[0.133s] Level 1:colcon.colcon_core.package_identification:_identify(.) by extensions ['ignore', 'ignore_ament_install']
[0.134s] Level 1:colcon.colcon_core.package_identification:_identify(.) by extension 'ignore'
[0.134s] Level 1:colcon.colcon_core.package_identification:_identify(.) by extension 'ignore_ament_install'
[0.134s] Level 1:colcon.colcon_core.package_identification:_identify(.) by extensions ['colcon_pkg']
[0.134s] Level 1:colcon.colcon_core.package_identification:_identify(.) by extension 'colcon_pkg'
[0.134s] Level 1:colcon.colcon_core.package_identification:_identify(.) by extensions ['colcon_meta']
[0.134s] Level 1:colcon.colcon_core.package_identification:_identify(.) by extension 'colcon_meta'
[0.134s] Level 1:colcon.colcon_core.package_identification:_identify(.) by extensions ['ros']
[0.134s] Level 1:colcon.colcon_core.package_identification:_identify(.) by extension 'ros'
[0.154s] Level 1:colcon.colcon_core.package_identification:_identify(.) by extensions ['cmake', 'python']
[0.154s] Level 1:colcon.colcon_core.package_identification:_identify(.) by extension 'cmake'
[0.154s] Level 1:colcon.colcon_core.package_identification:_identify(.) by extension 'python'
[0.154s] Level 1:colcon.colcon_core.package_identification:_identify(.) by extensions ['python_setup_py']
[0.154s] Level 1:colcon.colcon_core.package_identification:_identify(.) by extension 'python_setup_py'
[0.154s] Level 1:colcon.colcon_core.package_identification:_identify(build) by extensions ['ignore', 'ignore_ament_install']
[0.154s] Level 1:colcon.colcon_core.package_identification:_identify(build) by extension 'ignore'
[0.154s] Level 1:colcon.colcon_core.package_identification:_identify(build) ignored
[0.154s] Level 1:colcon.colcon_core.package_identification:_identify(install) by extensions ['ignore', 'ignore_ament_install']
[0.155s] Level 1:colcon.colcon_core.package_identification:_identify(install) by extension 'ignore'
[0.155s] Level 1:colcon.colcon_core.package_identification:_identify(install) ignored
[0.155s] Level 1:colcon.colcon_core.package_identification:_identify(log) by extensions ['ignore', 'ignore_ament_install']
[0.155s] Level 1:colcon.colcon_core.package_identification:_identify(log) by extension 'ignore'
[0.155s] Level 1:colcon.colcon_core.package_identification:_identify(log) ignored
[0.155s] Level 1:colcon.colcon_core.package_identification:_identify(ros_venv) by extensions ['ignore', 'ignore_ament_install']
[0.155s] Level 1:colcon.colcon_core.package_identification:_identify(ros_venv) by extension 'ignore'
[0.155s] Level 1:colcon.colcon_core.package_identification:_identify(ros_venv) ignored
[0.155s] Level 1:colcon.colcon_core.package_identification:_identify(src) by extensions ['ignore', 'ignore_ament_install']
[0.155s] Level 1:colcon.colcon_core.package_identification:_identify(src) by extension 'ignore'
[0.155s] Level 1:colcon.colcon_core.package_identification:_identify(src) by extension 'ignore_ament_install'
[0.156s] Level 1:colcon.colcon_core.package_identification:_identify(src) by extensions ['colcon_pkg']
[0.156s] Level 1:colcon.colcon_core.package_identification:_identify(src) by extension 'colcon_pkg'
[0.156s] Level 1:colcon.colcon_core.package_identification:_identify(src) by extensions ['colcon_meta']
[0.156s] Level 1:colcon.colcon_core.package_identification:_identify(src) by extension 'colcon_meta'
[0.156s] Level 1:colcon.colcon_core.package_identification:_identify(src) by extensions ['ros']
[0.156s] Level 1:colcon.colcon_core.package_identification:_identify(src) by extension 'ros'
[0.156s] Level 1:colcon.colcon_core.package_identification:_identify(src) by extensions ['cmake', 'python']
[0.156s] Level 1:colcon.colcon_core.package_identification:_identify(src) by extension 'cmake'
[0.156s] Level 1:colcon.colcon_core.package_identification:_identify(src) by extension 'python'
[0.156s] Level 1:colcon.colcon_core.package_identification:_identify(src) by extensions ['python_setup_py']
[0.156s] Level 1:colcon.colcon_core.package_identification:_identify(src) by extension 'python_setup_py'
[0.156s] Level 1:colcon.colcon_core.package_identification:_identify(src/build) by extensions ['ignore', 'ignore_ament_install']
[0.156s] Level 1:colcon.colcon_core.package_identification:_identify(src/build) by extension 'ignore'
[0.156s] Level 1:colcon.colcon_core.package_identification:_identify(src/build) ignored
[0.157s] Level 1:colcon.colcon_core.package_identification:_identify(src/install) by extensions ['ignore', 'ignore_ament_install']
[0.157s] Level 1:colcon.colcon_core.package_identification:_identify(src/install) by extension 'ignore'
[0.157s] Level 1:colcon.colcon_core.package_identification:_identify(src/install) ignored
[0.157s] Level 1:colcon.colcon_core.package_identification:_identify(src/log) by extensions ['ignore', 'ignore_ament_install']
[0.157s] Level 1:colcon.colcon_core.package_identification:_identify(src/log) by extension 'ignore'
[0.157s] Level 1:colcon.colcon_core.package_identification:_identify(src/log) ignored
[0.157s] Level 1:colcon.colcon_core.package_identification:_identify(src/rover_control) by extensions ['ignore', 'ignore_ament_install']
[0.157s] Level 1:colcon.colcon_core.package_identification:_identify(src/rover_control) by extension 'ignore'
[0.157s] Level 1:colcon.colcon_core.package_identification:_identify(src/rover_control) by extension 'ignore_ament_install'
[0.157s] Level 1:colcon.colcon_core.package_identification:_identify(src/rover_control) by extensions ['colcon_pkg']
[0.157s] Level 1:colcon.colcon_core.package_identification:_identify(src/rover_control) by extension 'colcon_pkg'
[0.157s] Level 1:colcon.colcon_core.package_identification:_identify(src/rover_control) by extensions ['colcon_meta']
[0.157s] Level 1:colcon.colcon_core.package_identification:_identify(src/rover_control) by extension 'colcon_meta'
[0.157s] Level 1:colcon.colcon_core.package_identification:_identify(src/rover_control) by extensions ['ros']
[0.157s] Level 1:colcon.colcon_core.package_identification:_identify(src/rover_control) by extension 'ros'
[0.159s] DEBUG:colcon.colcon_core.package_identification:Package 'src/rover_control' with type 'ros.ament_python' and name 'rover_control'
[0.160s] Level 1:colcon.colcon_core.package_identification:_identify(src/rover_description) by extensions ['ignore', 'ignore_ament_install']
[0.160s] Level 1:colcon.colcon_core.package_identification:_identify(src/rover_description) by extension 'ignore'
[0.160s] Level 1:colcon.colcon_core.package_identification:_identify(src/rover_description) by extension 'ignore_ament_install'
[0.160s] Level 1:colcon.colcon_core.package_identification:_identify(src/rover_description) by extensions ['colcon_pkg']
[0.160s] Level 1:colcon.colcon_core.package_identification:_identify(src/rover_description) by extension 'colcon_pkg'
[0.160s] Level 1:colcon.colcon_core.package_identification:_identify(src/rover_description) by extensions ['colcon_meta']
[0.160s] Level 1:colcon.colcon_core.package_identification:_identify(src/rover_description) by extension 'colcon_meta'
[0.160s] Level 1:colcon.colcon_core.package_identification:_identify(src/rover_description) by extensions ['ros']
[0.160s] Level 1:colcon.colcon_core.package_identification:_identify(src/rover_description) by extension 'ros'
[0.161s] Level 1:colcon.colcon_core.package_identification:_identify(src/rover_description) by extensions ['cmake', 'python']
[0.161s] Level 1:colcon.colcon_core.package_identification:_identify(src/rover_description) by extension 'cmake'
[0.161s] Level 1:colcon.colcon_core.package_identification:_identify(src/rover_description) by extension 'python'
[0.161s] Level 1:colcon.colcon_core.package_identification:_identify(src/rover_description) by extensions ['python_setup_py']
[0.161s] Level 1:colcon.colcon_core.package_identification:_identify(src/rover_description) by extension 'python_setup_py'
[0.161s] Level 1:colcon.colcon_core.package_identification:_identify(src/rover_description/build) by extensions ['ignore', 'ignore_ament_install']
[0.161s] Level 1:colcon.colcon_core.package_identification:_identify(src/rover_description/build) by extension 'ignore'
[0.161s] Level 1:colcon.colcon_core.package_identification:_identify(src/rover_description/build) ignored
[0.161s] Level 1:colcon.colcon_core.package_identification:_identify(src/rover_description/install) by extensions ['ignore', 'ignore_ament_install']
[0.161s] Level 1:colcon.colcon_core.package_identification:_identify(src/rover_description/install) by extension 'ignore'
[0.161s] Level 1:colcon.colcon_core.package_identification:_identify(src/rover_description/install) ignored
[0.161s] Level 1:colcon.colcon_core.package_identification:_identify(src/rover_description/log) by extensions ['ignore', 'ignore_ament_install']
[0.161s] Level 1:colcon.colcon_core.package_identification:_identify(src/rover_description/log) by extension 'ignore'
[0.161s] Level 1:colcon.colcon_core.package_identification:_identify(src/rover_description/log) ignored
[0.162s] Level 1:colcon.colcon_core.package_identification:_identify(src/rover_description/rover_description) by extensions ['ignore', 'ignore_ament_install']
[0.162s] Level 1:colcon.colcon_core.package_identification:_identify(src/rover_description/rover_description) by extension 'ignore'
[0.162s] Level 1:colcon.colcon_core.package_identification:_identify(src/rover_description/rover_description) by extension 'ignore_ament_install'
[0.162s] Level 1:colcon.colcon_core.package_identification:_identify(src/rover_description/rover_description) by extensions ['colcon_pkg']
[0.162s] Level 1:colcon.colcon_core.package_identification:_identify(src/rover_description/rover_description) by extension 'colcon_pkg'
[0.162s] Level 1:colcon.colcon_core.package_identification:_identify(src/rover_description/rover_description) by extensions ['colcon_meta']
[0.163s] Level 1:colcon.colcon_core.package_identification:_identify(src/rover_description/rover_description) by extension 'colcon_meta'
[0.164s] Level 1:colcon.colcon_core.package_identification:_identify(src/rover_description/rover_description) by extensions ['ros']
[0.164s] Level 1:colcon.colcon_core.package_identification:_identify(src/rover_description/rover_description) by extension 'ros'
[0.164s] DEBUG:colcon.colcon_core.package_identification:Package 'src/rover_description/rover_description' with type 'ros.ament_cmake' and name 'rover_description'
[0.164s] Level 1:colcon.colcon_core.package_discovery:discover_packages(recursive) using defaults
[0.164s] Level 1:colcon.colcon_core.package_discovery:discover_packages(ignore) discover
[0.164s] Level 1:colcon.colcon_core.package_discovery:discover_packages(ignore) using defaults
[0.164s] Level 1:colcon.colcon_core.package_discovery:discover_packages(path) discover
[0.164s] Level 1:colcon.colcon_core.package_discovery:discover_packages(path) using defaults
[0.181s] Level 1:colcon.colcon_core.package_discovery:discover_packages(prefix_path) check parameters
[0.182s] Level 1:colcon.colcon_core.package_discovery:discover_packages(prefix_path) discover
[0.185s] DEBUG:colcon.colcon_installed_package_information.package_discovery:Found 2 installed packages in /home/pawla/ros2_ws/install
[0.187s] DEBUG:colcon.colcon_installed_package_information.package_discovery:Found 375 installed packages in /opt/ros/jazzy
[0.189s] Level 1:colcon.colcon_core.package_discovery:discover_packages(prefix_path) using defaults
[0.237s] Level 5:colcon.colcon_core.verb:set package 'rover_control' build argument 'cmake_args' from command line to 'None'
[0.237s] Level 5:colcon.colcon_core.verb:set package 'rover_control' build argument 'cmake_target' from command line to 'None'
[0.237s] Level 5:colcon.colcon_core.verb:set package 'rover_control' build argument 'cmake_target_skip_unavailable' from command line to 'False'
[0.237s] Level 5:colcon.colcon_core.verb:set package 'rover_control' build argument 'cmake_clean_cache' from command line to 'False'
[0.237s] Level 5:colcon.colcon_core.verb:set package 'rover_control' build argument 'cmake_clean_first' from command line to 'False'
[0.237s] Level 5:colcon.colcon_core.verb:set package 'rover_control' build argument 'cmake_force_configure' from command line to 'False'
[0.237s] Level 5:colcon.colcon_core.verb:set package 'rover_control' build argument 'ament_cmake_args' from command line to 'None'
[0.237s] Level 5:colcon.colcon_core.verb:set package 'rover_control' build argument 'catkin_cmake_args' from command line to 'None'
[0.237s] Level 5:colcon.colcon_core.verb:set package 'rover_control' build argument 'catkin_skip_building_tests' from command line to 'False'
[0.237s] DEBUG:colcon.colcon_core.verb:Building package 'rover_control' with the following arguments: {'ament_cmake_args': None, 'build_base': '/home/pawla/ros2_ws/build/rover_control', 'catkin_cmake_args': None, 'catkin_skip_building_tests': False, 'cmake_args': None, 'cmake_clean_cache': False, 'cmake_clean_first': False, 'cmake_force_configure': False, 'cmake_target': None, 'cmake_target_skip_unavailable': False, 'install_base': '/home/pawla/ros2_ws/install/rover_control', 'merge_install': False, 'path': '/home/pawla/ros2_ws/src/rover_control', 'symlink_install': False, 'test_result_base': None}
[0.238s] Level 5:colcon.colcon_core.verb:set package 'rover_description' build argument 'cmake_args' from command line to 'None'
[0.238s] Level 5:colcon.colcon_core.verb:set package 'rover_description' build argument 'cmake_target' from command line to 'None'
[0.238s] Level 5:colcon.colcon_core.verb:set package 'rover_description' build argument 'cmake_target_skip_unavailable' from command line to 'False'
[0.238s] Level 5:colcon.colcon_core.verb:set package 'rover_description' build argument 'cmake_clean_cache' from command line to 'False'
[0.238s] Level 5:colcon.colcon_core.verb:set package 'rover_description' build argument 'cmake_clean_first' from command line to 'False'
[0.238s] Level 5:colcon.colcon_core.verb:set package 'rover_description' build argument 'cmake_force_configure' from command line to 'False'
[0.238s] Level 5:colcon.colcon_core.verb:set package 'rover_description' build argument 'ament_cmake_args' from command line to 'None'
[0.238s] Level 5:colcon.colcon_core.verb:set package 'rover_description' build argument 'catkin_cmake_args' from command line to 'None'
[0.238s] Level 5:colcon.colcon_core.verb:set package 'rover_description' build argument 'catkin_skip_building_tests' from command line to 'False'
[0.238s] DEBUG:colcon.colcon_core.verb:Building package 'rover_description' with the following arguments: {'ament_cmake_args': None, 'build_base': '/home/pawla/ros2_ws/build/rover_description', 'catkin_cmake_args': None, 'catkin_skip_building_tests': False, 'cmake_args': None, 'cmake_clean_cache': False, 'cmake_clean_first': False, 'cmake_force_configure': False, 'cmake_target': None, 'cmake_target_skip_unavailable': False, 'install_base': '/home/pawla/ros2_ws/install/rover_description', 'merge_install': False, 'path': '/home/pawla/ros2_ws/src/rover_description/rover_description', 'symlink_install': False, 'test_result_base': None}
[0.238s] INFO:colcon.colcon_core.executor:Executing jobs using 'parallel' executor
[0.239s] DEBUG:colcon.colcon_parallel_executor.executor.parallel:run_until_complete
[0.239s] INFO:colcon.colcon_ros.task.ament_python.build:Building ROS package in '/home/pawla/ros2_ws/src/rover_control' with build type 'ament_python'
[0.239s] Level 1:colcon.colcon_core.shell:create_environment_hook('rover_control', 'ament_prefix_path')
[0.241s] INFO:colcon.colcon_core.plugin_system:Skipping extension 'colcon_core.shell.bat': Not used on non-Windows systems
[0.242s] INFO:colcon.colcon_core.shell:Creating environment hook '/home/pawla/ros2_ws/install/rover_control/share/rover_control/hook/ament_prefix_path.ps1'
[0.242s] INFO:colcon.colcon_core.shell:Creating environment descriptor '/home/pawla/ros2_ws/install/rover_control/share/rover_control/hook/ament_prefix_path.dsv'
[0.243s] INFO:colcon.colcon_core.shell:Creating environment hook '/home/pawla/ros2_ws/install/rover_control/share/rover_control/hook/ament_prefix_path.sh'
[0.243s] INFO:colcon.colcon_core.shell:Skip shell extension 'powershell' for command environment: Not usable outside of PowerShell
[0.243s] DEBUG:colcon.colcon_core.shell:Skip shell extension 'dsv' for command environment
[0.247s] INFO:colcon.colcon_ros.task.ament_cmake.build:Building ROS package in '/home/pawla/ros2_ws/src/rover_description/rover_description' with build type 'ament_cmake'
[0.247s] INFO:colcon.colcon_cmake.task.cmake.build:Building CMake package in '/home/pawla/ros2_ws/src/rover_description/rover_description'
[0.247s] INFO:colcon.colcon_core.shell:Skip shell extension 'powershell' for command environment: Not usable outside of PowerShell
[0.248s] DEBUG:colcon.colcon_core.shell:Skip shell extension 'dsv' for command environment
[0.430s] INFO:colcon.colcon_core.task.python.build:Building Python package in '/home/pawla/ros2_ws/src/rover_control'
[0.431s] INFO:colcon.colcon_core.shell:Skip shell extension 'powershell' for command environment: Not usable outside of PowerShell
[0.431s] DEBUG:colcon.colcon_core.shell:Skip shell extension 'dsv' for command environment
[0.440s] DEBUG:colcon.colcon_core.event_handler.log_command:Invoking command in '/home/pawla/ros2_ws/build/rover_description': CMAKE_PREFIX_PATH=${CMAKE_PREFIX_PATH}:/home/pawla/ros2_ws/install/rover_control:/opt/ros/jazzy /usr/bin/cmake --build /home/pawla/ros2_ws/build/rover_description -- -j16 -l16
[0.490s] DEBUG:colcon.colcon_core.event_handler.log_command:Invoked command in '/home/pawla/ros2_ws/build/rover_description' returned '0': CMAKE_PREFIX_PATH=${CMAKE_PREFIX_PATH}:/home/pawla/ros2_ws/install/rover_control:/opt/ros/jazzy /usr/bin/cmake --build /home/pawla/ros2_ws/build/rover_description -- -j16 -l16
[0.504s] DEBUG:colcon.colcon_core.event_handler.log_command:Invoking command in '/home/pawla/ros2_ws/build/rover_description': CMAKE_PREFIX_PATH=${CMAKE_PREFIX_PATH}:/home/pawla/ros2_ws/install/rover_control:/opt/ros/jazzy /usr/bin/cmake --install /home/pawla/ros2_ws/build/rover_description
[0.550s] Level 1:colcon.colcon_core.environment:create_environment_scripts_only(rover_description)
[0.551s] DEBUG:colcon.colcon_core.event_handler.log_command:Invoked command in '/home/pawla/ros2_ws/build/rover_description' returned '0': CMAKE_PREFIX_PATH=${CMAKE_PREFIX_PATH}:/home/pawla/ros2_ws/install/rover_control:/opt/ros/jazzy /usr/bin/cmake --install /home/pawla/ros2_ws/build/rover_description
[0.553s] Level 1:colcon.colcon_core.environment:checking '/home/pawla/ros2_ws/install/rover_description' for CMake module files
[0.553s] Level 1:colcon.colcon_core.environment:checking '/home/pawla/ros2_ws/install/rover_description' for CMake config files
[0.553s] Level 1:colcon.colcon_core.shell:create_environment_hook('rover_description', 'cmake_prefix_path')
[0.553s] INFO:colcon.colcon_core.shell:Creating environment hook '/home/pawla/ros2_ws/install/rover_description/share/rover_description/hook/cmake_prefix_path.ps1'
[0.554s] INFO:colcon.colcon_core.shell:Creating environment descriptor '/home/pawla/ros2_ws/install/rover_description/share/rover_description/hook/cmake_prefix_path.dsv'
[0.554s] INFO:colcon.colcon_core.shell:Creating environment hook '/home/pawla/ros2_ws/install/rover_description/share/rover_description/hook/cmake_prefix_path.sh'
[0.555s] Level 1:colcon.colcon_core.environment:checking '/home/pawla/ros2_ws/install/rover_description/bin'
[0.555s] Level 1:colcon.colcon_core.environment:checking '/home/pawla/ros2_ws/install/rover_description/lib/pkgconfig/rover_description.pc'
[0.555s] Level 1:colcon.colcon_core.environment:checking '/home/pawla/ros2_ws/install/rover_description/lib/python3.12/site-packages'
[0.555s] Level 1:colcon.colcon_core.environment:checking '/home/pawla/ros2_ws/install/rover_description/bin'
[0.556s] INFO:colcon.colcon_core.shell:Creating package script '/home/pawla/ros2_ws/install/rover_description/share/rover_description/package.ps1'
[0.556s] INFO:colcon.colcon_core.shell:Creating package descriptor '/home/pawla/ros2_ws/install/rover_description/share/rover_description/package.dsv'
[0.557s] INFO:colcon.colcon_core.shell:Creating package script '/home/pawla/ros2_ws/install/rover_description/share/rover_description/package.sh'
[0.557s] INFO:colcon.colcon_core.shell:Creating package script '/home/pawla/ros2_ws/install/rover_description/share/rover_description/package.bash'
[0.558s] INFO:colcon.colcon_core.shell:Creating package script '/home/pawla/ros2_ws/install/rover_description/share/rover_description/package.zsh'
[0.558s] Level 1:colcon.colcon_core.environment:create_file_with_runtime_dependencies(/home/pawla/ros2_ws/install/rover_description/share/colcon-core/packages/rover_description)
[0.559s] Level 1:colcon.colcon_core.environment:create_environment_scripts_only(rover_description)
[0.559s] Level 1:colcon.colcon_core.environment:checking '/home/pawla/ros2_ws/install/rover_description' for CMake module files
[0.560s] Level 1:colcon.colcon_core.environment:checking '/home/pawla/ros2_ws/install/rover_description' for CMake config files
[0.560s] Level 1:colcon.colcon_core.shell:create_environment_hook('rover_description', 'cmake_prefix_path')
[0.561s] INFO:colcon.colcon_core.shell:Creating environment hook '/home/pawla/ros2_ws/install/rover_description/share/rover_description/hook/cmake_prefix_path.ps1'
[0.561s] INFO:colcon.colcon_core.shell:Creating environment descriptor '/home/pawla/ros2_ws/install/rover_description/share/rover_description/hook/cmake_prefix_path.dsv'
[0.561s] INFO:colcon.colcon_core.shell:Creating environment hook '/home/pawla/ros2_ws/install/rover_description/share/rover_description/hook/cmake_prefix_path.sh'
[0.562s] Level 1:colcon.colcon_core.environment:checking '/home/pawla/ros2_ws/install/rover_description/bin'
[0.562s] Level 1:colcon.colcon_core.environment:checking '/home/pawla/ros2_ws/install/rover_description/lib/pkgconfig/rover_description.pc'
[0.562s] Level 1:colcon.colcon_core.environment:checking '/home/pawla/ros2_ws/install/rover_description/lib/python3.12/site-packages'
[0.562s] Level 1:colcon.colcon_core.environment:checking '/home/pawla/ros2_ws/install/rover_description/bin'
[0.563s] INFO:colcon.colcon_core.shell:Creating package script '/home/pawla/ros2_ws/install/rover_description/share/rover_description/package.ps1'
[0.563s] INFO:colcon.colcon_core.shell:Creating package descriptor '/home/pawla/ros2_ws/install/rover_description/share/rover_description/package.dsv'
[0.563s] INFO:colcon.colcon_core.shell:Creating package script '/home/pawla/ros2_ws/install/rover_description/share/rover_description/package.sh'
[0.564s] INFO:colcon.colcon_core.shell:Creating package script '/home/pawla/ros2_ws/install/rover_description/share/rover_description/package.bash'
[0.564s] INFO:colcon.colcon_core.shell:Creating package script '/home/pawla/ros2_ws/install/rover_description/share/rover_description/package.zsh'
[0.565s] Level 1:colcon.colcon_core.environment:create_file_with_runtime_dependencies(/home/pawla/ros2_ws/install/rover_description/share/colcon-core/packages/rover_description)
[0.924s] DEBUG:colcon.colcon_core.task.python.build:Available setuptools commands: upload, extract_messages, build_ext, rotate, setopt, build_scripts, sdist, bdist_rpm, init_catalog, install_headers, install_data, register, bdist_egg, install_scripts, develop, egg_info, install_egg_info, alias, build_py, easy_install, bdist_wheel, clean, saveopts, pytest, install, symlink_data, build_clib, install_lib, update_catalog, dist_info, bdist_dumb, check, build, compile_catalog, ptr, upload_docs, test, bdist, editable_wheel
[0.928s] DEBUG:colcon.colcon_core.event_handler.log_command:Invoking command in '/home/pawla/ros2_ws/src/rover_control': PYTHONPATH=/home/pawla/ros2_ws/build/rover_control/prefix_override:/usr/lib/python3/dist-packages/colcon_core/task/python/colcon_distutils_commands:/home/pawla/ros2_ws/install/rover_control/lib/python3.12/site-packages:${PYTHONPATH} /usr/bin/python3 -W ignore:setup.py install is deprecated -W ignore:easy_install command is deprecated setup.py egg_info --egg-base ../../build/rover_control build --build-base /home/pawla/ros2_ws/build/rover_control/build install --record /home/pawla/ros2_ws/build/rover_control/install.log --install-scripts $base/lib/rover_control --single-version-externally-managed install_data
[1.328s] Level 1:colcon.colcon_core.environment:checking '/home/pawla/ros2_ws/install/rover_control' for CMake module files
[1.329s] DEBUG:colcon.colcon_core.event_handler.log_command:Invoked command in '/home/pawla/ros2_ws/src/rover_control' returned '0': PYTHONPATH=/home/pawla/ros2_ws/build/rover_control/prefix_override:/usr/lib/python3/dist-packages/colcon_core/task/python/colcon_distutils_commands:/home/pawla/ros2_ws/install/rover_control/lib/python3.12/site-packages:${PYTHONPATH} /usr/bin/python3 -W ignore:setup.py install is deprecated -W ignore:easy_install command is deprecated setup.py egg_info --egg-base ../../build/rover_control build --build-base /home/pawla/ros2_ws/build/rover_control/build install --record /home/pawla/ros2_ws/build/rover_control/install.log --install-scripts $base/lib/rover_control --single-version-externally-managed install_data
[1.329s] Level 1:colcon.colcon_core.environment:checking '/home/pawla/ros2_ws/install/rover_control' for CMake config files
[1.330s] Level 1:colcon.colcon_core.environment:checking '/home/pawla/ros2_ws/install/rover_control/lib'
[1.330s] Level 1:colcon.colcon_core.environment:checking '/home/pawla/ros2_ws/install/rover_control/bin'
[1.330s] Level 1:colcon.colcon_core.environment:checking '/home/pawla/ros2_ws/install/rover_control/lib/pkgconfig/rover_control.pc'
[1.331s] Level 1:colcon.colcon_core.environment:checking '/home/pawla/ros2_ws/install/rover_control/lib/python3.12/site-packages'
[1.331s] Level 1:colcon.colcon_core.shell:create_environment_hook('rover_control', 'pythonpath')
[1.331s] INFO:colcon.colcon_core.shell:Creating environment hook '/home/pawla/ros2_ws/install/rover_control/share/rover_control/hook/pythonpath.ps1'
[1.332s] INFO:colcon.colcon_core.shell:Creating environment descriptor '/home/pawla/ros2_ws/install/rover_control/share/rover_control/hook/pythonpath.dsv'
[1.332s] INFO:colcon.colcon_core.shell:Creating environment hook '/home/pawla/ros2_ws/install/rover_control/share/rover_control/hook/pythonpath.sh'
[1.333s] Level 1:colcon.colcon_core.environment:checking '/home/pawla/ros2_ws/install/rover_control/bin'
[1.333s] Level 1:colcon.colcon_core.environment:create_environment_scripts_only(rover_control)
[1.333s] INFO:colcon.colcon_core.shell:Creating package script '/home/pawla/ros2_ws/install/rover_control/share/rover_control/package.ps1'
[1.334s] INFO:colcon.colcon_core.shell:Creating package descriptor '/home/pawla/ros2_ws/install/rover_control/share/rover_control/package.dsv'
[1.334s] INFO:colcon.colcon_core.shell:Creating package script '/home/pawla/ros2_ws/install/rover_control/share/rover_control/package.sh'
[1.334s] INFO:colcon.colcon_core.shell:Creating package script '/home/pawla/ros2_ws/install/rover_control/share/rover_control/package.bash'
[1.334s] INFO:colcon.colcon_core.shell:Creating package script '/home/pawla/ros2_ws/install/rover_control/share/rover_control/package.zsh'
[1.335s] Level 1:colcon.colcon_core.environment:create_file_with_runtime_dependencies(/home/pawla/ros2_ws/install/rover_control/share/colcon-core/packages/rover_control)
[1.335s] DEBUG:colcon.colcon_parallel_executor.executor.parallel:closing loop
[1.336s] DEBUG:colcon.colcon_parallel_executor.executor.parallel:loop closed
[1.336s] DEBUG:colcon.colcon_parallel_executor.executor.parallel:run_until_complete finished with '0'
[1.336s] DEBUG:colcon.colcon_core.event_reactor:joining thread
[1.353s] INFO:colcon.colcon_core.plugin_system:Skipping extension 'colcon_notification.desktop_notification.notify_send': Could not find 'notify-send'
[1.353s] INFO:colcon.colcon_core.plugin_system:Skipping extension 'colcon_notification.desktop_notification.terminal_notifier': Not used on non-Darwin systems
[1.353s] INFO:colcon.colcon_core.plugin_system:Skipping extension 'colcon_notification.desktop_notification.win32': Not used on non-Windows systems
[1.353s] INFO:colcon.colcon_notification.desktop_notification:Sending desktop notification using 'notify2'
[1.354s] DEBUG:colcon.colcon_notification.desktop_notification.notify2:Failed to initialize notify2: org.freedesktop.DBus.Error.ServiceUnknown: The name org.freedesktop.Notifications was not provided by any .service files
[1.355s] DEBUG:colcon.colcon_core.event_reactor:joined thread
[1.355s] INFO:colcon.colcon_core.shell:Creating prefix script '/home/pawla/ros2_ws/install/local_setup.ps1'
[1.356s] INFO:colcon.colcon_core.shell:Creating prefix util module '/home/pawla/ros2_ws/install/_local_setup_util_ps1.py'
[1.357s] INFO:colcon.colcon_core.shell:Creating prefix chain script '/home/pawla/ros2_ws/install/setup.ps1'
[1.358s] INFO:colcon.colcon_core.shell:Creating prefix script '/home/pawla/ros2_ws/install/local_setup.sh'
[1.358s] INFO:colcon.colcon_core.shell:Creating prefix util module '/home/pawla/ros2_ws/install/_local_setup_util_sh.py'
[1.359s] INFO:colcon.colcon_core.shell:Creating prefix chain script '/home/pawla/ros2_ws/install/setup.sh'
[1.359s] INFO:colcon.colcon_core.shell:Creating prefix script '/home/pawla/ros2_ws/install/local_setup.bash'
[1.360s] INFO:colcon.colcon_core.shell:Creating prefix chain script '/home/pawla/ros2_ws/install/setup.bash'
[1.361s] INFO:colcon.colcon_core.shell:Creating prefix script '/home/pawla/ros2_ws/install/local_setup.zsh'
[1.361s] INFO:colcon.colcon_core.shell:Creating prefix chain script '/home/pawla/ros2_ws/install/setup.zsh'
