running develop
/usr/lib/python3/dist-packages/setuptools/command/easy_install.py:363: UserWarning: Unbuilt egg for pytest-repeat [unknown version] (/usr/lib/python3/dist-packages)
  self.local_index = Environment(self.shadow_path + sys.path)
Removing /home/pawla/ros2_ws/install/rover_control/lib/python3.12/site-packages/rover-control.egg-link (link to .)
running egg_info
writing ../../build/rover_control/rover_control.egg-info/PKG-INFO
writing dependency_links to ../../build/rover_control/rover_control.egg-info/dependency_links.txt
writing entry points to ../../build/rover_control/rover_control.egg-info/entry_points.txt
writing requirements to ../../build/rover_control/rover_control.egg-info/requires.txt
writing top-level names to ../../build/rover_control/rover_control.egg-info/top_level.txt
reading manifest file '../../build/rover_control/rover_control.egg-info/SOURCES.txt'
writing manifest file '../../build/rover_control/rover_control.egg-info/SOURCES.txt'
running build
running build_py
creating /home/pawla/ros2_ws/build/rover_control/build
creating /home/pawla/ros2_ws/build/rover_control/build/lib
creating /home/pawla/ros2_ws/build/rover_control/build/lib/rover_control
copying rover_control/kontrola.py -> /home/pawla/ros2_ws/build/rover_control/build/lib/rover_control
copying rover_control/__init__.py -> /home/pawla/ros2_ws/build/rover_control/build/lib/rover_control
running install
running install_lib
creating /home/pawla/ros2_ws/install/rover_control/lib/python3.12/site-packages/rover_control
copying /home/pawla/ros2_ws/build/rover_control/build/lib/rover_control/kontrola.py -> /home/pawla/ros2_ws/install/rover_control/lib/python3.12/site-packages/rover_control
copying /home/pawla/ros2_ws/build/rover_control/build/lib/rover_control/__init__.py -> /home/pawla/ros2_ws/install/rover_control/lib/python3.12/site-packages/rover_control
byte-compiling /home/pawla/ros2_ws/install/rover_control/lib/python3.12/site-packages/rover_control/kontrola.py to kontrola.cpython-312.pyc
byte-compiling /home/pawla/ros2_ws/install/rover_control/lib/python3.12/site-packages/rover_control/__init__.py to __init__.cpython-312.pyc
running install_data
copying resource/rover_control -> /home/pawla/ros2_ws/install/rover_control/share/ament_index/resource_index/packages
copying package.xml -> /home/pawla/ros2_ws/install/rover_control/share/rover_control
running install_egg_info
Copying ../../build/rover_control/rover_control.egg-info to /home/pawla/ros2_ws/install/rover_control/lib/python3.12/site-packages/rover_control-0.0.0-py3.12.egg-info
running install_scripts
Installing kinematyka_node script to /home/pawla/ros2_ws/install/rover_control/lib/rover_control
writing list of installed files to '/home/pawla/ros2_ws/build/rover_control/install.log'
