[0.672s] Invoking command in '/home/pawla/ros2_ws/build/rover_control': PYTHONPATH=/home/pawla/ros2_ws/build/rover_control/prefix_override:/usr/lib/python3/dist-packages/colcon_core/task/python/colcon_distutils_commands:/home/pawla/ros2_ws/install/rover_control/lib/python3.12/site-packages:${PYTHONPATH} /usr/bin/python3 -W ignore:setup.py install is deprecated -W ignore:easy_install command is deprecated setup.py develop --uninstall --editable --build-directory /home/pawla/ros2_ws/build/rover_control/build
[0.900s] running develop
[1.016s] /usr/lib/python3/dist-packages/setuptools/command/easy_install.py:363: UserWarning: Unbuilt egg for pytest-repeat [unknown version] (/usr/lib/python3/dist-packages)
[1.017s]   self.local_index = Environment(self.shadow_path + sys.path)
[1.041s] Removing /home/pawla/ros2_ws/install/rover_control/lib/python3.12/site-packages/rover-control.egg-link (link to .)
[1.075s] Invoked command in '/home/pawla/ros2_ws/build/rover_control' returned '0': PYTHONPATH=/home/pawla/ros2_ws/build/rover_control/prefix_override:/usr/lib/python3/dist-packages/colcon_core/task/python/colcon_distutils_commands:/home/pawla/ros2_ws/install/rover_control/lib/python3.12/site-packages:${PYTHONPATH} /usr/bin/python3 -W ignore:setup.py install is deprecated -W ignore:easy_install command is deprecated setup.py develop --uninstall --editable --build-directory /home/pawla/ros2_ws/build/rover_control/build
[1.077s] Invoking command in '/home/pawla/ros2_ws/src/rover_control': PYTHONPATH=/home/pawla/ros2_ws/build/rover_control/prefix_override:/usr/lib/python3/dist-packages/colcon_core/task/python/colcon_distutils_commands:/home/pawla/ros2_ws/install/rover_control/lib/python3.12/site-packages:${PYTHONPATH} /usr/bin/python3 -W ignore:setup.py install is deprecated -W ignore:easy_install command is deprecated setup.py egg_info --egg-base ../../build/rover_control build --build-base /home/pawla/ros2_ws/build/rover_control/build install --record /home/pawla/ros2_ws/build/rover_control/install.log --install-scripts $base/lib/rover_control --single-version-externally-managed install_data --force
[1.254s] running egg_info
[1.267s] writing ../../build/rover_control/rover_control.egg-info/PKG-INFO
[1.267s] writing dependency_links to ../../build/rover_control/rover_control.egg-info/dependency_links.txt
[1.267s] writing entry points to ../../build/rover_control/rover_control.egg-info/entry_points.txt
[1.267s] writing requirements to ../../build/rover_control/rover_control.egg-info/requires.txt
[1.268s] writing top-level names to ../../build/rover_control/rover_control.egg-info/top_level.txt
[1.291s] reading manifest file '../../build/rover_control/rover_control.egg-info/SOURCES.txt'
[1.292s] writing manifest file '../../build/rover_control/rover_control.egg-info/SOURCES.txt'
[1.292s] running build
[1.292s] running build_py
[1.293s] creating /home/pawla/ros2_ws/build/rover_control/build
[1.293s] creating /home/pawla/ros2_ws/build/rover_control/build/lib
[1.293s] creating /home/pawla/ros2_ws/build/rover_control/build/lib/rover_control
[1.293s] copying rover_control/kontrola.py -> /home/pawla/ros2_ws/build/rover_control/build/lib/rover_control
[1.293s] copying rover_control/__init__.py -> /home/pawla/ros2_ws/build/rover_control/build/lib/rover_control
[1.294s] running install
[1.298s] running install_lib
[1.310s] creating /home/pawla/ros2_ws/install/rover_control/lib/python3.12/site-packages/rover_control
[1.310s] copying /home/pawla/ros2_ws/build/rover_control/build/lib/rover_control/kontrola.py -> /home/pawla/ros2_ws/install/rover_control/lib/python3.12/site-packages/rover_control
[1.310s] copying /home/pawla/ros2_ws/build/rover_control/build/lib/rover_control/__init__.py -> /home/pawla/ros2_ws/install/rover_control/lib/python3.12/site-packages/rover_control
[1.311s] byte-compiling /home/pawla/ros2_ws/install/rover_control/lib/python3.12/site-packages/rover_control/kontrola.py to kontrola.cpython-312.pyc
[1.312s] byte-compiling /home/pawla/ros2_ws/install/rover_control/lib/python3.12/site-packages/rover_control/__init__.py to __init__.cpython-312.pyc
[1.313s] running install_data
[1.313s] copying resource/rover_control -> /home/pawla/ros2_ws/install/rover_control/share/ament_index/resource_index/packages
[1.313s] copying package.xml -> /home/pawla/ros2_ws/install/rover_control/share/rover_control
[1.313s] running install_egg_info
[1.325s] Copying ../../build/rover_control/rover_control.egg-info to /home/pawla/ros2_ws/install/rover_control/lib/python3.12/site-packages/rover_control-0.0.0-py3.12.egg-info
[1.326s] running install_scripts
[1.425s] Installing kinematyka_node script to /home/pawla/ros2_ws/install/rover_control/lib/rover_control
[1.426s] writing list of installed files to '/home/pawla/ros2_ws/build/rover_control/install.log'
[1.463s] Invoked command in '/home/pawla/ros2_ws/src/rover_control' returned '0': PYTHONPATH=/home/pawla/ros2_ws/build/rover_control/prefix_override:/usr/lib/python3/dist-packages/colcon_core/task/python/colcon_distutils_commands:/home/pawla/ros2_ws/install/rover_control/lib/python3.12/site-packages:${PYTHONPATH} /usr/bin/python3 -W ignore:setup.py install is deprecated -W ignore:easy_install command is deprecated setup.py egg_info --egg-base ../../build/rover_control build --build-base /home/pawla/ros2_ws/build/rover_control/build install --record /home/pawla/ros2_ws/build/rover_control/install.log --install-scripts $base/lib/rover_control --single-version-externally-managed install_data --force
