-- Install configuration: ""
-- Execute custom install script
-- Up-to-date symlink: /home/pawla/ros2_ws/install/rover_description/share/rover_description/urdf/Rover.gazebo
-- Up-to-date symlink: /home/pawla/ros2_ws/install/rover_description/share/rover_description/urdf/Rover.trans
-- Up-to-date symlink: /home/pawla/ros2_ws/install/rover_description/share/rover_description/urdf/Rover.urdf
-- Up-to-date symlink: /home/pawla/ros2_ws/install/rover_description/share/rover_description/urdf/Rover.xacro
-- Up-to-date symlink: /home/pawla/ros2_ws/install/rover_description/share/rover_description/urdf/build/.built_by
-- Up-to-date symlink: /home/pawla/ros2_ws/install/rover_description/share/rover_description/urdf/build/COLCON_IGNORE
-- Up-to-date symlink: /home/pawla/ros2_ws/install/rover_description/share/rover_description/urdf/install/.colcon_install_layout
-- Up-to-date symlink: /home/pawla/ros2_ws/install/rover_description/share/rover_description/urdf/install/COLCON_IGNORE
-- Up-to-date symlink: /home/pawla/ros2_ws/install/rover_description/share/rover_description/urdf/install/_local_setup_util_ps1.py
-- Up-to-date symlink: /home/pawla/ros2_ws/install/rover_description/share/rover_description/urdf/install/_local_setup_util_sh.py
-- Up-to-date symlink: /home/pawla/ros2_ws/install/rover_description/share/rover_description/urdf/install/local_setup.bash
-- Up-to-date symlink: /home/pawla/ros2_ws/install/rover_description/share/rover_description/urdf/install/local_setup.ps1
-- Up-to-date symlink: /home/pawla/ros2_ws/install/rover_description/share/rover_description/urdf/install/local_setup.sh
-- Up-to-date symlink: /home/pawla/ros2_ws/install/rover_description/share/rover_description/urdf/install/local_setup.zsh
-- Up-to-date symlink: /home/pawla/ros2_ws/install/rover_description/share/rover_description/urdf/install/setup.bash
-- Up-to-date symlink: /home/pawla/ros2_ws/install/rover_description/share/rover_description/urdf/install/setup.ps1
-- Up-to-date symlink: /home/pawla/ros2_ws/install/rover_description/share/rover_description/urdf/install/setup.sh
-- Up-to-date symlink: /home/pawla/ros2_ws/install/rover_description/share/rover_description/urdf/install/setup.zsh
-- Up-to-date symlink: /home/pawla/ros2_ws/install/rover_description/share/rover_description/urdf/joint_map.py
-- Up-to-date symlink: /home/pawla/ros2_ws/install/rover_description/share/rover_description/urdf/log/COLCON_IGNORE
-- Up-to-date symlink: /home/pawla/ros2_ws/install/rover_description/share/rover_description/urdf/log/build_2026-09-02_22-14-06/events.log
-- Up-to-date symlink: /home/pawla/ros2_ws/install/rover_description/share/rover_description/urdf/log/build_2026-09-02_22-14-06/logger_all.log
-- Up-to-date symlink: /home/pawla/ros2_ws/install/rover_description/share/rover_description/urdf/log/build_2026-09-02_22-14-24/events.log
-- Up-to-date symlink: /home/pawla/ros2_ws/install/rover_description/share/rover_description/urdf/log/build_2026-09-02_22-14-24/logger_all.log
-- Up-to-date symlink: /home/pawla/ros2_ws/install/rover_description/share/rover_description/urdf/log/build_2026-09-02_22-14-44/events.log
-- Up-to-date symlink: /home/pawla/ros2_ws/install/rover_description/share/rover_description/urdf/log/build_2026-09-02_22-14-44/logger_all.log
-- Up-to-date symlink: /home/pawla/ros2_ws/install/rover_description/share/rover_description/urdf/log/build_2026-09-03_12-18-24/events.log
-- Up-to-date symlink: /home/pawla/ros2_ws/install/rover_description/share/rover_description/urdf/log/build_2026-09-03_12-18-24/logger_all.log
-- Up-to-date symlink: /home/pawla/ros2_ws/install/rover_description/share/rover_description/urdf/log/build_2026-09-03_19-39-52/events.log
-- Up-to-date symlink: /home/pawla/ros2_ws/install/rover_description/share/rover_description/urdf/log/build_2026-09-03_19-39-52/logger_all.log
-- Up-to-date symlink: /home/pawla/ros2_ws/install/rover_description/share/rover_description/urdf/log/build_2026-09-03_19-40-21/events.log
-- Up-to-date symlink: /home/pawla/ros2_ws/install/rover_description/share/rover_description/urdf/log/build_2026-09-03_19-40-21/logger_all.log
-- Up-to-date symlink: /home/pawla/ros2_ws/install/rover_description/share/rover_description/urdf/log/build_2026-09-04_15-51-29/events.log
-- Up-to-date symlink: /home/pawla/ros2_ws/install/rover_description/share/rover_description/urdf/log/build_2026-09-04_15-51-29/logger_all.log
-- Up-to-date symlink: /home/pawla/ros2_ws/install/rover_description/share/rover_description/urdf/log/build_2026-09-04_15-51-38/events.log
-- Up-to-date symlink: /home/pawla/ros2_ws/install/rover_description/share/rover_description/urdf/log/build_2026-09-04_15-51-38/logger_all.log
-- Up-to-date symlink: /home/pawla/ros2_ws/install/rover_description/share/rover_description/urdf/log/build_2026-09-04_16-21-28/events.log
-- Up-to-date symlink: /home/pawla/ros2_ws/install/rover_description/share/rover_description/urdf/log/build_2026-09-04_16-21-28/logger_all.log
-- Up-to-date symlink: /home/pawla/ros2_ws/install/rover_description/share/rover_description/urdf/log/build_2026-09-04_16-24-06/events.log
-- Up-to-date symlink: /home/pawla/ros2_ws/install/rover_description/share/rover_description/urdf/log/build_2026-09-04_16-24-06/logger_all.log
-- Up-to-date symlink: /home/pawla/ros2_ws/install/rover_description/share/rover_description/urdf/log/build_2026-09-04_16-26-04/events.log
-- Up-to-date symlink: /home/pawla/ros2_ws/install/rover_description/share/rover_description/urdf/log/build_2026-09-04_16-26-04/logger_all.log
-- Up-to-date symlink: /home/pawla/ros2_ws/install/rover_description/share/rover_description/urdf/log/build_2026-09-15_17-17-09/events.log
-- Up-to-date symlink: /home/pawla/ros2_ws/install/rover_description/share/rover_description/urdf/log/build_2026-09-15_17-17-09/logger_all.log
-- Up-to-date symlink: /home/pawla/ros2_ws/install/rover_description/share/rover_description/urdf/log/build_2026-09-17_01-01-34/events.log
-- Up-to-date symlink: /home/pawla/ros2_ws/install/rover_description/share/rover_description/urdf/log/build_2026-09-17_01-01-34/logger_all.log
-- Up-to-date symlink: /home/pawla/ros2_ws/install/rover_description/share/rover_description/urdf/log/latest/events.log
-- Up-to-date symlink: /home/pawla/ros2_ws/install/rover_description/share/rover_description/urdf/log/latest/logger_all.log
-- Up-to-date symlink: /home/pawla/ros2_ws/install/rover_description/share/rover_description/urdf/log/latest_build/events.log
-- Up-to-date symlink: /home/pawla/ros2_ws/install/rover_description/share/rover_description/urdf/log/latest_build/logger_all.log
-- Up-to-date symlink: /home/pawla/ros2_ws/install/rover_description/share/rover_description/urdf/materials.xacro
-- Up-to-date symlink: /home/pawla/ros2_ws/install/rover_description/share/rover_description/meshes/Part23_v1_1.stl
-- Up-to-date symlink: /home/pawla/ros2_ws/install/rover_description/share/rover_description/meshes/Part23_v1__10__1.stl
-- Up-to-date symlink: /home/pawla/ros2_ws/install/rover_description/share/rover_description/meshes/Part23_v1__11__1.stl
-- Up-to-date symlink: /home/pawla/ros2_ws/install/rover_description/share/rover_description/meshes/Part23_v1__1__1.stl
-- Up-to-date symlink: /home/pawla/ros2_ws/install/rover_description/share/rover_description/meshes/Part23_v1__2__1.stl
-- Up-to-date symlink: /home/pawla/ros2_ws/install/rover_description/share/rover_description/meshes/Part23_v1__3__1.stl
-- Up-to-date symlink: /home/pawla/ros2_ws/install/rover_description/share/rover_description/meshes/Part23_v1__4__1.stl
-- Up-to-date symlink: /home/pawla/ros2_ws/install/rover_description/share/rover_description/meshes/Part23_v1__5__1.stl
-- Up-to-date symlink: /home/pawla/ros2_ws/install/rover_description/share/rover_description/meshes/Part23_v1__6__1.stl
-- Up-to-date symlink: /home/pawla/ros2_ws/install/rover_description/share/rover_description/meshes/Part23_v1__7__1.stl
-- Up-to-date symlink: /home/pawla/ros2_ws/install/rover_description/share/rover_description/meshes/Part23_v1__8__1.stl
-- Up-to-date symlink: /home/pawla/ros2_ws/install/rover_description/share/rover_description/meshes/Part23_v1__9__1.stl
-- Up-to-date symlink: /home/pawla/ros2_ws/install/rover_description/share/rover_description/meshes/base_link.stl
-- Up-to-date symlink: /home/pawla/ros2_ws/install/rover_description/share/rover_description/meshes/basket_v1_1.stl
-- Up-to-date symlink: /home/pawla/ros2_ws/install/rover_description/share/rover_description/meshes/basket_v1__1__1.stl
-- Up-to-date symlink: /home/pawla/ros2_ws/install/rover_description/share/rover_description/meshes/basketback_v1_1.stl
-- Up-to-date symlink: /home/pawla/ros2_ws/install/rover_description/share/rover_description/meshes/basketback_v1__1__1.stl
-- Up-to-date symlink: /home/pawla/ros2_ws/install/rover_description/share/rover_description/meshes/basketlewy_v1_1.stl
-- Up-to-date symlink: /home/pawla/ros2_ws/install/rover_description/share/rover_description/meshes/basketlewy_v1__1__1.stl
-- Up-to-date symlink: /home/pawla/ros2_ws/install/rover_description/share/rover_description/meshes/box2_v1_1.stl
-- Up-to-date symlink: /home/pawla/ros2_ws/install/rover_description/share/rover_description/meshes/boxv1_v1_1.stl
-- Up-to-date symlink: /home/pawla/ros2_ws/install/rover_description/share/rover_description/meshes/felga_v1_1.stl
-- Up-to-date symlink: /home/pawla/ros2_ws/install/rover_description/share/rover_description/meshes/felga_v1__1__1.stl
-- Up-to-date symlink: /home/pawla/ros2_ws/install/rover_description/share/rover_description/meshes/felga_v1__2__1.stl
-- Up-to-date symlink: /home/pawla/ros2_ws/install/rover_description/share/rover_description/meshes/felga_v1__3__1.stl
-- Up-to-date symlink: /home/pawla/ros2_ws/install/rover_description/share/rover_description/meshes/felga_v1__4__1.stl
-- Up-to-date symlink: /home/pawla/ros2_ws/install/rover_description/share/rover_description/meshes/felga_v1__5__1.stl
-- Up-to-date symlink: /home/pawla/ros2_ws/install/rover_description/share/rover_description/meshes/filar_v1_1.stl
-- Up-to-date symlink: /home/pawla/ros2_ws/install/rover_description/share/rover_description/meshes/filar_v1__1__1.stl
-- Up-to-date symlink: /home/pawla/ros2_ws/install/rover_description/share/rover_description/meshes/filar_v1__2__1.stl
-- Up-to-date symlink: /home/pawla/ros2_ws/install/rover_description/share/rover_description/meshes/filar_v1__3__1.stl
-- Up-to-date symlink: /home/pawla/ros2_ws/install/rover_description/share/rover_description/meshes/handler_backv2proba_v1_1.stl
-- Up-to-date symlink: /home/pawla/ros2_ws/install/rover_description/share/rover_description/meshes/opona_nowa__1__v1_1.stl
-- Up-to-date symlink: /home/pawla/ros2_ws/install/rover_description/share/rover_description/meshes/opona_nowa__1__v1__1__1.stl
-- Up-to-date symlink: /home/pawla/ros2_ws/install/rover_description/share/rover_description/meshes/opona_nowa__1__v1__2__1.stl
-- Up-to-date symlink: /home/pawla/ros2_ws/install/rover_description/share/rover_description/meshes/opona_nowa__1__v1__3__1.stl
-- Up-to-date symlink: /home/pawla/ros2_ws/install/rover_description/share/rover_description/meshes/opona_nowa__1__v1__4__1.stl
-- Up-to-date symlink: /home/pawla/ros2_ws/install/rover_description/share/rover_description/meshes/opona_nowa__1__v1__5__1.stl
-- Up-to-date symlink: /home/pawla/ros2_ws/install/rover_description/share/rover_description/meshes/pret_handler_v3proba_v1_1.stl
-- Up-to-date symlink: /home/pawla/ros2_ws/install/rover_description/share/rover_description/meshes/pret_handler_v3proba_v1__1__1.stl
-- Up-to-date symlink: /home/pawla/ros2_ws/install/rover_description/share/rover_description/meshes/sciana2_v1_1.stl
-- Up-to-date symlink: /home/pawla/ros2_ws/install/rover_description/share/rover_description/meshes/sciana2_v1__1__1.stl
-- Up-to-date symlink: /home/pawla/ros2_ws/install/rover_description/share/rover_description/meshes/sciana_v1_1.stl
-- Up-to-date symlink: /home/pawla/ros2_ws/install/rover_description/share/rover_description/meshes/sciana_v1__1__1.stl
-- Up-to-date symlink: /home/pawla/ros2_ws/install/rover_description/share/rover_description/meshes/wahaczv2_v1_1.stl
-- Up-to-date symlink: /home/pawla/ros2_ws/install/rover_description/share/rover_description/meshes/wahaczv2_v1__1__1.stl
-- Up-to-date symlink: /home/pawla/ros2_ws/install/rover_description/share/rover_description/meshes/wahaczv2_v1__2__1.stl
-- Up-to-date symlink: /home/pawla/ros2_ws/install/rover_description/share/rover_description/meshes/wahaczv2_v1__3__1.stl
-- Up-to-date symlink: /home/pawla/ros2_ws/install/rover_description/share/rover_description/meshes/wahaczv2_v1__4__1.stl
-- Up-to-date symlink: /home/pawla/ros2_ws/install/rover_description/share/rover_description/meshes/wahaczv2_v1__5__1.stl
-- Up-to-date symlink: /home/pawla/ros2_ws/install/rover_description/share/rover_description/launch/controller.launch
-- Up-to-date symlink: /home/pawla/ros2_ws/install/rover_description/share/rover_description/launch/controller.yaml
-- Up-to-date symlink: /home/pawla/ros2_ws/install/rover_description/share/rover_description/launch/display.launch
-- Up-to-date symlink: /home/pawla/ros2_ws/install/rover_description/share/rover_description/launch/display.launch.py
-- Up-to-date symlink: /home/pawla/ros2_ws/install/rover_description/share/rover_description/launch/gazebo.launch
-- Up-to-date symlink: /home/pawla/ros2_ws/install/rover_description/share/rover_description/launch/gazebo.launch.py
-- Up-to-date symlink: /home/pawla/ros2_ws/install/rover_description/share/rover_description/launch/urdf.rviz
-- Up-to-date symlink: /home/pawla/ros2_ws/install/rover_description/share/rover_description/config/bridge_parameters.yaml
-- Up-to-date symlink: /home/pawla/ros2_ws/install/rover_description/share/rover_description/config/controllers.yaml
-- Up-to-date symlink: /home/pawla/ros2_ws/install/rover_description/share/rover_description/config/kinematics.yaml
-- Up-to-date symlink: /home/pawla/ros2_ws/install/rover_description/share/rover_description/package.xml
-- Up-to-date symlink: /home/pawla/ros2_ws/install/rover_description/share/ament_index/resource_index/package_run_dependencies/rover_description
-- Up-to-date symlink: /home/pawla/ros2_ws/install/rover_description/share/ament_index/resource_index/parent_prefix_path/rover_description
-- Up-to-date symlink: /home/pawla/ros2_ws/install/rover_description/share/rover_description/environment/ament_prefix_path.sh
-- Up-to-date symlink: /home/pawla/ros2_ws/install/rover_description/share/rover_description/environment/ament_prefix_path.dsv
-- Up-to-date symlink: /home/pawla/ros2_ws/install/rover_description/share/rover_description/environment/path.sh
-- Up-to-date symlink: /home/pawla/ros2_ws/install/rover_description/share/rover_description/environment/path.dsv
-- Up-to-date symlink: /home/pawla/ros2_ws/install/rover_description/share/rover_description/local_setup.bash
-- Up-to-date symlink: /home/pawla/ros2_ws/install/rover_description/share/rover_description/local_setup.sh
-- Up-to-date symlink: /home/pawla/ros2_ws/install/rover_description/share/rover_description/local_setup.zsh
-- Up-to-date symlink: /home/pawla/ros2_ws/install/rover_description/share/rover_description/local_setup.dsv
-- Symlinking: /home/pawla/ros2_ws/install/rover_description/share/rover_description/package.dsv
-- Up-to-date symlink: /home/pawla/ros2_ws/install/rover_description/share/ament_index/resource_index/packages/rover_description
-- Up-to-date symlink: /home/pawla/ros2_ws/install/rover_description/share/rover_description/cmake/rover_descriptionConfig.cmake
-- Up-to-date symlink: /home/pawla/ros2_ws/install/rover_description/share/rover_description/cmake/rover_descriptionConfig-version.cmake
-- Up-to-date symlink: /home/pawla/ros2_ws/install/rover_description/share/rover_description/package.xml
