[0.231s] DEBUG:colcon:Command line arguments: ['/usr/bin/colcon', 'build']
[0.231s] DEBUG:colcon:Parsed command line arguments: Namespace(log_base=None, log_level=None, verb_name='build', build_base='build', install_base='install', merge_install=False, symlink_install=False, test_result_base=None, continue_on_error=False, executor='parallel', parallel_workers=16, event_handlers=None, ignore_user_meta=False, metas=['./colcon.meta'], base_paths=['.'], packages_ignore=None, packages_ignore_regex=None, paths=None, packages_up_to=None, packages_up_to_regex=None, packages_above=None, packages_above_and_dependencies=None, packages_above_depth=None, packages_select_by_dep=None, packages_skip_by_dep=None, packages_skip_up_to=None, packages_select_build_failed=False, packages_skip_build_finished=False, packages_select_test_failures=False, packages_skip_test_passed=False, packages_select=None, packages_skip=None, packages_select_regex=None, packages_skip_regex=None, packages_start=None, packages_end=None, allow_overriding=[], cmake_args=None, cmake_target=None, cmake_target_skip_unavailable=False, cmake_clean_cache=False, cmake_clean_first=False, cmake_force_configure=False, ament_cmake_args=None, catkin_cmake_args=None, catkin_skip_building_tests=False, mixin_files=None, mixin=None, verb_parser=<colcon_mixin.mixin.mixin_argument.MixinArgumentDecorator object at 0x704902f773e0>, verb_extension=<colcon_core.verb.build.BuildVerb object at 0x704902f77080>, main=<bound method BuildVerb.main of <colcon_core.verb.build.BuildVerb object at 0x704902f77080>>, mixin_verb=('build',))
[0.276s] Level 1:colcon.colcon_core.package_discovery:discover_packages(colcon_meta) check parameters
[0.276s] Level 1:colcon.colcon_core.package_discovery:discover_packages(recursive) check parameters
[0.276s] Level 1:colcon.colcon_core.package_discovery:discover_packages(ignore) check parameters
[0.276s] Level 1:colcon.colcon_core.package_discovery:discover_packages(path) check parameters
[0.276s] Level 1:colcon.colcon_core.package_discovery:discover_packages(colcon_meta) discover
[0.277s] Level 1:colcon.colcon_core.package_discovery:discover_packages(recursive) discover
[0.277s] INFO:colcon.colcon_core.package_discovery:Crawling recursively for packages in '/home/pawla/ros2_ws'
[0.277s] Level 1:colcon.colcon_core.package_identification:_identify(.) by extensions ['ignore', 'ignore_ament_install']
[0.277s] Level 1:colcon.colcon_core.package_identification:_identify(.) by extension 'ignore'
[0.277s] Level 1:colcon.colcon_core.package_identification:_identify(.) by extension 'ignore_ament_install'
[0.277s] Level 1:colcon.colcon_core.package_identification:_identify(.) by extensions ['colcon_pkg']
[0.277s] Level 1:colcon.colcon_core.package_identification:_identify(.) by extension 'colcon_pkg'
[0.277s] Level 1:colcon.colcon_core.package_identification:_identify(.) by extensions ['colcon_meta']
[0.277s] Level 1:colcon.colcon_core.package_identification:_identify(.) by extension 'colcon_meta'
[0.277s] Level 1:colcon.colcon_core.package_identification:_identify(.) by extensions ['ros']
[0.277s] Level 1:colcon.colcon_core.package_identification:_identify(.) by extension 'ros'
[0.312s] Level 1:colcon.colcon_core.package_identification:_identify(.) by extensions ['cmake', 'python']
[0.312s] Level 1:colcon.colcon_core.package_identification:_identify(.) by extension 'cmake'
[0.312s] Level 1:colcon.colcon_core.package_identification:_identify(.) by extension 'python'
[0.312s] Level 1:colcon.colcon_core.package_identification:_identify(.) by extensions ['python_setup_py']
[0.312s] Level 1:colcon.colcon_core.package_identification:_identify(.) by extension 'python_setup_py'
[0.312s] Level 1:colcon.colcon_core.package_identification:_identify(build) by extensions ['ignore', 'ignore_ament_install']
[0.312s] Level 1:colcon.colcon_core.package_identification:_identify(build) by extension 'ignore'
[0.312s] Level 1:colcon.colcon_core.package_identification:_identify(build) ignored
[0.312s] Level 1:colcon.colcon_core.package_identification:_identify(install) by extensions ['ignore', 'ignore_ament_install']
[0.313s] Level 1:colcon.colcon_core.package_identification:_identify(install) by extension 'ignore'
[0.313s] Level 1:colcon.colcon_core.package_identification:_identify(install) ignored
[0.313s] Level 1:colcon.colcon_core.package_identification:_identify(log) by extensions ['ignore', 'ignore_ament_install']
[0.313s] Level 1:colcon.colcon_core.package_identification:_identify(log) by extension 'ignore'
[0.313s] Level 1:colcon.colcon_core.package_identification:_identify(log) ignored
[0.313s] Level 1:colcon.colcon_core.package_identification:_identify(ros_venv) by extensions ['ignore', 'ignore_ament_install']
[0.313s] Level 1:colcon.colcon_core.package_identification:_identify(ros_venv) by extension 'ignore'
[0.313s] Level 1:colcon.colcon_core.package_identification:_identify(ros_venv) ignored
[0.313s] Level 1:colcon.colcon_core.package_identification:_identify(src) by extensions ['ignore', 'ignore_ament_install']
[0.313s] Level 1:colcon.colcon_core.package_identification:_identify(src) by extension 'ignore'
[0.313s] Level 1:colcon.colcon_core.package_identification:_identify(src) by extension 'ignore_ament_install'
[0.313s] Level 1:colcon.colcon_core.package_identification:_identify(src) by extensions ['colcon_pkg']
[0.313s] Level 1:colcon.colcon_core.package_identification:_identify(src) by extension 'colcon_pkg'
[0.314s] Level 1:colcon.colcon_core.package_identification:_identify(src) by extensions ['colcon_meta']
[0.314s] Level 1:colcon.colcon_core.package_identification:_identify(src) by extension 'colcon_meta'
[0.314s] Level 1:colcon.colcon_core.package_identification:_identify(src) by extensions ['ros']
[0.314s] Level 1:colcon.colcon_core.package_identification:_identify(src) by extension 'ros'
[0.314s] Level 1:colcon.colcon_core.package_identification:_identify(src) by extensions ['cmake', 'python']
[0.314s] Level 1:colcon.colcon_core.package_identification:_identify(src) by extension 'cmake'
[0.314s] Level 1:colcon.colcon_core.package_identification:_identify(src) by extension 'python'
[0.314s] Level 1:colcon.colcon_core.package_identification:_identify(src) by extensions ['python_setup_py']
[0.314s] Level 1:colcon.colcon_core.package_identification:_identify(src) by extension 'python_setup_py'
[0.314s] Level 1:colcon.colcon_core.package_identification:_identify(src/build) by extensions ['ignore', 'ignore_ament_install']
[0.314s] Level 1:colcon.colcon_core.package_identification:_identify(src/build) by extension 'ignore'
[0.314s] Level 1:colcon.colcon_core.package_identification:_identify(src/build) ignored
[0.314s] Level 1:colcon.colcon_core.package_identification:_identify(src/install) by extensions ['ignore', 'ignore_ament_install']
[0.314s] Level 1:colcon.colcon_core.package_identification:_identify(src/install) by extension 'ignore'
[0.314s] Level 1:colcon.colcon_core.package_identification:_identify(src/install) ignored
[0.314s] Level 1:colcon.colcon_core.package_identification:_identify(src/log) by extensions ['ignore', 'ignore_ament_install']
[0.315s] Level 1:colcon.colcon_core.package_identification:_identify(src/log) by extension 'ignore'
[0.315s] Level 1:colcon.colcon_core.package_identification:_identify(src/log) ignored
[0.315s] Level 1:colcon.colcon_core.package_identification:_identify(src/rover_control) by extensions ['ignore', 'ignore_ament_install']
[0.315s] Level 1:colcon.colcon_core.package_identification:_identify(src/rover_control) by extension 'ignore'
[0.315s] Level 1:colcon.colcon_core.package_identification:_identify(src/rover_control) by extension 'ignore_ament_install'
[0.315s] Level 1:colcon.colcon_core.package_identification:_identify(src/rover_control) by extensions ['colcon_pkg']
[0.315s] Level 1:colcon.colcon_core.package_identification:_identify(src/rover_control) by extension 'colcon_pkg'
[0.315s] Level 1:colcon.colcon_core.package_identification:_identify(src/rover_control) by extensions ['colcon_meta']
[0.315s] Level 1:colcon.colcon_core.package_identification:_identify(src/rover_control) by extension 'colcon_meta'
[0.315s] Level 1:colcon.colcon_core.package_identification:_identify(src/rover_control) by extensions ['ros']
[0.315s] Level 1:colcon.colcon_core.package_identification:_identify(src/rover_control) by extension 'ros'
[0.319s] DEBUG:colcon.colcon_core.package_identification:Package 'src/rover_control' with type 'ros.ament_python' and name 'rover_control'
[0.320s] Level 1:colcon.colcon_core.package_identification:_identify(src/rover_description) by extensions ['ignore', 'ignore_ament_install']
[0.320s] Level 1:colcon.colcon_core.package_identification:_identify(src/rover_description) by extension 'ignore'
[0.320s] Level 1:colcon.colcon_core.package_identification:_identify(src/rover_description) by extension 'ignore_ament_install'
[0.320s] Level 1:colcon.colcon_core.package_identification:_identify(src/rover_description) by extensions ['colcon_pkg']
[0.320s] Level 1:colcon.colcon_core.package_identification:_identify(src/rover_description) by extension 'colcon_pkg'
[0.320s] Level 1:colcon.colcon_core.package_identification:_identify(src/rover_description) by extensions ['colcon_meta']
[0.320s] Level 1:colcon.colcon_core.package_identification:_identify(src/rover_description) by extension 'colcon_meta'
[0.320s] Level 1:colcon.colcon_core.package_identification:_identify(src/rover_description) by extensions ['ros']
[0.320s] Level 1:colcon.colcon_core.package_identification:_identify(src/rover_description) by extension 'ros'
[0.320s] Level 1:colcon.colcon_core.package_identification:_identify(src/rover_description) by extensions ['cmake', 'python']
[0.320s] Level 1:colcon.colcon_core.package_identification:_identify(src/rover_description) by extension 'cmake'
[0.320s] Level 1:colcon.colcon_core.package_identification:_identify(src/rover_description) by extension 'python'
[0.321s] Level 1:colcon.colcon_core.package_identification:_identify(src/rover_description) by extensions ['python_setup_py']
[0.321s] Level 1:colcon.colcon_core.package_identification:_identify(src/rover_description) by extension 'python_setup_py'
[0.321s] Level 1:colcon.colcon_core.package_identification:_identify(src/rover_description/build) by extensions ['ignore', 'ignore_ament_install']
[0.321s] Level 1:colcon.colcon_core.package_identification:_identify(src/rover_description/build) by extension 'ignore'
[0.321s] Level 1:colcon.colcon_core.package_identification:_identify(src/rover_description/build) ignored
[0.321s] Level 1:colcon.colcon_core.package_identification:_identify(src/rover_description/install) by extensions ['ignore', 'ignore_ament_install']
[0.321s] Level 1:colcon.colcon_core.package_identification:_identify(src/rover_description/install) by extension 'ignore'
[0.321s] Level 1:colcon.colcon_core.package_identification:_identify(src/rover_description/install) ignored
[0.321s] Level 1:colcon.colcon_core.package_identification:_identify(src/rover_description/log) by extensions ['ignore', 'ignore_ament_install']
[0.321s] Level 1:colcon.colcon_core.package_identification:_identify(src/rover_description/log) by extension 'ignore'
[0.321s] Level 1:colcon.colcon_core.package_identification:_identify(src/rover_description/log) ignored
[0.321s] Level 1:colcon.colcon_core.package_identification:_identify(src/rover_description/rover_description) by extensions ['ignore', 'ignore_ament_install']
[0.322s] Level 1:colcon.colcon_core.package_identification:_identify(src/rover_description/rover_description) by extension 'ignore'
[0.322s] Level 1:colcon.colcon_core.package_identification:_identify(src/rover_description/rover_description) by extension 'ignore_ament_install'
[0.322s] Level 1:colcon.colcon_core.package_identification:_identify(src/rover_description/rover_description) by extensions ['colcon_pkg']
[0.322s] Level 1:colcon.colcon_core.package_identification:_identify(src/rover_description/rover_description) by extension 'colcon_pkg'
[0.322s] Level 1:colcon.colcon_core.package_identification:_identify(src/rover_description/rover_description) by extensions ['colcon_meta']
[0.322s] Level 1:colcon.colcon_core.package_identification:_identify(src/rover_description/rover_description) by extension 'colcon_meta'
[0.322s] Level 1:colcon.colcon_core.package_identification:_identify(src/rover_description/rover_description) by extensions ['ros']
[0.322s] Level 1:colcon.colcon_core.package_identification:_identify(src/rover_description/rover_description) by extension 'ros'
[0.323s] DEBUG:colcon.colcon_core.package_identification:Package 'src/rover_description/rover_description' with type 'ros.ament_cmake' and name 'rover_description'
[0.323s] Level 1:colcon.colcon_core.package_discovery:discover_packages(recursive) using defaults
[0.323s] Level 1:colcon.colcon_core.package_discovery:discover_packages(ignore) discover
[0.323s] Level 1:colcon.colcon_core.package_discovery:discover_packages(ignore) using defaults
[0.323s] Level 1:colcon.colcon_core.package_discovery:discover_packages(path) discover
[0.323s] Level 1:colcon.colcon_core.package_discovery:discover_packages(path) using defaults
[0.354s] Level 1:colcon.colcon_core.package_discovery:discover_packages(prefix_path) check parameters
[0.354s] Level 1:colcon.colcon_core.package_discovery:discover_packages(prefix_path) discover
[0.358s] DEBUG:colcon.colcon_installed_package_information.package_discovery:Found 2 installed packages in /home/pawla/ros2_ws/install
[0.361s] DEBUG:colcon.colcon_installed_package_information.package_discovery:Found 375 installed packages in /opt/ros/jazzy
[0.363s] Level 1:colcon.colcon_core.package_discovery:discover_packages(prefix_path) using defaults
[0.409s] Level 5:colcon.colcon_core.verb:set package 'rover_control' build argument 'cmake_args' from command line to 'None'
[0.409s] Level 5:colcon.colcon_core.verb:set package 'rover_control' build argument 'cmake_target' from command line to 'None'
[0.409s] Level 5:colcon.colcon_core.verb:set package 'rover_control' build argument 'cmake_target_skip_unavailable' from command line to 'False'
[0.409s] Level 5:colcon.colcon_core.verb:set package 'rover_control' build argument 'cmake_clean_cache' from command line to 'False'
[0.409s] Level 5:colcon.colcon_core.verb:set package 'rover_control' build argument 'cmake_clean_first' from command line to 'False'
[0.409s] Level 5:colcon.colcon_core.verb:set package 'rover_control' build argument 'cmake_force_configure' from command line to 'False'
[0.409s] Level 5:colcon.colcon_core.verb:set package 'rover_control' build argument 'ament_cmake_args' from command line to 'None'
[0.409s] Level 5:colcon.colcon_core.verb:set package 'rover_control' build argument 'catkin_cmake_args' from command line to 'None'
[0.409s] Level 5:colcon.colcon_core.verb:set package 'rover_control' build argument 'catkin_skip_building_tests' from command line to 'False'
[0.409s] DEBUG:colcon.colcon_core.verb:Building package 'rover_control' with the following arguments: {'ament_cmake_args': None, 'build_base': '/home/pawla/ros2_ws/build/rover_control', 'catkin_cmake_args': None, 'catkin_skip_building_tests': False, 'cmake_args': None, 'cmake_clean_cache': False, 'cmake_clean_first': False, 'cmake_force_configure': False, 'cmake_target': None, 'cmake_target_skip_unavailable': False, 'install_base': '/home/pawla/ros2_ws/install/rover_control', 'merge_install': False, 'path': '/home/pawla/ros2_ws/src/rover_control', 'symlink_install': False, 'test_result_base': None}
[0.410s] Level 5:colcon.colcon_core.verb:set package 'rover_description' build argument 'cmake_args' from command line to 'None'
[0.410s] Level 5:colcon.colcon_core.verb:set package 'rover_description' build argument 'cmake_target' from command line to 'None'
[0.410s] Level 5:colcon.colcon_core.verb:set package 'rover_description' build argument 'cmake_target_skip_unavailable' from command line to 'False'
[0.410s] Level 5:colcon.colcon_core.verb:set package 'rover_description' build argument 'cmake_clean_cache' from command line to 'False'
[0.410s] Level 5:colcon.colcon_core.verb:set package 'rover_description' build argument 'cmake_clean_first' from command line to 'False'
[0.410s] Level 5:colcon.colcon_core.verb:set package 'rover_description' build argument 'cmake_force_configure' from command line to 'False'
[0.410s] Level 5:colcon.colcon_core.verb:set package 'rover_description' build argument 'ament_cmake_args' from command line to 'None'
[0.410s] Level 5:colcon.colcon_core.verb:set package 'rover_description' build argument 'catkin_cmake_args' from command line to 'None'
[0.410s] Level 5:colcon.colcon_core.verb:set package 'rover_description' build argument 'catkin_skip_building_tests' from command line to 'False'
[0.410s] DEBUG:colcon.colcon_core.verb:Building package 'rover_description' with the following arguments: {'ament_cmake_args': None, 'build_base': '/home/pawla/ros2_ws/build/rover_description', 'catkin_cmake_args': None, 'catkin_skip_building_tests': False, 'cmake_args': None, 'cmake_clean_cache': False, 'cmake_clean_first': False, 'cmake_force_configure': False, 'cmake_target': None, 'cmake_target_skip_unavailable': False, 'install_base': '/home/pawla/ros2_ws/install/rover_description', 'merge_install': False, 'path': '/home/pawla/ros2_ws/src/rover_description/rover_description', 'symlink_install': False, 'test_result_base': None}
[0.410s] INFO:colcon.colcon_core.executor:Executing jobs using 'parallel' executor
[0.411s] DEBUG:colcon.colcon_parallel_executor.executor.parallel:run_until_complete
[0.411s] INFO:colcon.colcon_ros.task.ament_python.build:Building ROS package in '/home/pawla/ros2_ws/src/rover_control' with build type 'ament_python'
[0.411s] Level 1:colcon.colcon_core.shell:create_environment_hook('rover_control', 'ament_prefix_path')
[0.417s] INFO:colcon.colcon_core.plugin_system:Skipping extension 'colcon_core.shell.bat': Not used on non-Windows systems
[0.418s] INFO:colcon.colcon_core.shell:Creating environment hook '/home/pawla/ros2_ws/install/rover_control/share/rover_control/hook/ament_prefix_path.ps1'
[0.419s] INFO:colcon.colcon_core.shell:Creating environment descriptor '/home/pawla/ros2_ws/install/rover_control/share/rover_control/hook/ament_prefix_path.dsv'
[0.420s] INFO:colcon.colcon_core.shell:Creating environment hook '/home/pawla/ros2_ws/install/rover_control/share/rover_control/hook/ament_prefix_path.sh'
[0.421s] INFO:colcon.colcon_core.shell:Skip shell extension 'powershell' for command environment: Not usable outside of PowerShell
[0.421s] DEBUG:colcon.colcon_core.shell:Skip shell extension 'dsv' for command environment
[0.425s] INFO:colcon.colcon_ros.task.ament_cmake.build:Building ROS package in '/home/pawla/ros2_ws/src/rover_description/rover_description' with build type 'ament_cmake'
[0.426s] INFO:colcon.colcon_cmake.task.cmake.build:Building CMake package in '/home/pawla/ros2_ws/src/rover_description/rover_description'
[0.426s] INFO:colcon.colcon_core.shell:Skip shell extension 'powershell' for command environment: Not usable outside of PowerShell
[0.426s] DEBUG:colcon.colcon_core.shell:Skip shell extension 'dsv' for command environment
[0.638s] INFO:colcon.colcon_core.task.python.build:Building Python package in '/home/pawla/ros2_ws/src/rover_control'
[0.639s] INFO:colcon.colcon_core.shell:Skip shell extension 'powershell' for command environment: Not usable outside of PowerShell
[0.639s] DEBUG:colcon.colcon_core.shell:Skip shell extension 'dsv' for command environment
[0.647s] DEBUG:colcon.colcon_core.event_handler.log_command:Invoking command in '/home/pawla/ros2_ws/build/rover_description': CMAKE_PREFIX_PATH=${CMAKE_PREFIX_PATH}:/home/pawla/ros2_ws/install/rover_control:/opt/ros/jazzy /usr/bin/cmake --build /home/pawla/ros2_ws/build/rover_description -- -j16 -l16
[0.734s] DEBUG:colcon.colcon_core.event_handler.log_command:Invoked command in '/home/pawla/ros2_ws/build/rover_description' returned '0': CMAKE_PREFIX_PATH=${CMAKE_PREFIX_PATH}:/home/pawla/ros2_ws/install/rover_control:/opt/ros/jazzy /usr/bin/cmake --build /home/pawla/ros2_ws/build/rover_description -- -j16 -l16
[0.748s] DEBUG:colcon.colcon_core.event_handler.log_command:Invoking command in '/home/pawla/ros2_ws/build/rover_description': CMAKE_PREFIX_PATH=${CMAKE_PREFIX_PATH}:/home/pawla/ros2_ws/install/rover_control:/opt/ros/jazzy /usr/bin/cmake --install /home/pawla/ros2_ws/build/rover_description
[0.792s] Level 1:colcon.colcon_core.environment:create_environment_scripts_only(rover_description)
[0.793s] DEBUG:colcon.colcon_core.event_handler.log_command:Invoked command in '/home/pawla/ros2_ws/build/rover_description' returned '0': CMAKE_PREFIX_PATH=${CMAKE_PREFIX_PATH}:/home/pawla/ros2_ws/install/rover_control:/opt/ros/jazzy /usr/bin/cmake --install /home/pawla/ros2_ws/build/rover_description
[0.799s] Level 1:colcon.colcon_core.environment:checking '/home/pawla/ros2_ws/install/rover_description' for CMake module files
[0.800s] Level 1:colcon.colcon_core.environment:checking '/home/pawla/ros2_ws/install/rover_description' for CMake config files
[0.800s] Level 1:colcon.colcon_core.shell:create_environment_hook('rover_description', 'cmake_prefix_path')
[0.800s] INFO:colcon.colcon_core.shell:Creating environment hook '/home/pawla/ros2_ws/install/rover_description/share/rover_description/hook/cmake_prefix_path.ps1'
[0.801s] INFO:colcon.colcon_core.shell:Creating environment descriptor '/home/pawla/ros2_ws/install/rover_description/share/rover_description/hook/cmake_prefix_path.dsv'
[0.801s] INFO:colcon.colcon_core.shell:Creating environment hook '/home/pawla/ros2_ws/install/rover_description/share/rover_description/hook/cmake_prefix_path.sh'
[0.802s] Level 1:colcon.colcon_core.environment:checking '/home/pawla/ros2_ws/install/rover_description/bin'
[0.802s] Level 1:colcon.colcon_core.environment:checking '/home/pawla/ros2_ws/install/rover_description/lib/pkgconfig/rover_description.pc'
[0.802s] Level 1:colcon.colcon_core.environment:checking '/home/pawla/ros2_ws/install/rover_description/lib/python3.12/site-packages'
[0.803s] Level 1:colcon.colcon_core.environment:checking '/home/pawla/ros2_ws/install/rover_description/bin'
[0.803s] INFO:colcon.colcon_core.shell:Creating package script '/home/pawla/ros2_ws/install/rover_description/share/rover_description/package.ps1'
[0.804s] INFO:colcon.colcon_core.shell:Creating package descriptor '/home/pawla/ros2_ws/install/rover_description/share/rover_description/package.dsv'
[0.805s] INFO:colcon.colcon_core.shell:Creating package script '/home/pawla/ros2_ws/install/rover_description/share/rover_description/package.sh'
[0.806s] INFO:colcon.colcon_core.shell:Creating package script '/home/pawla/ros2_ws/install/rover_description/share/rover_description/package.bash'
[0.807s] INFO:colcon.colcon_core.shell:Creating package script '/home/pawla/ros2_ws/install/rover_description/share/rover_description/package.zsh'
[0.808s] Level 1:colcon.colcon_core.environment:create_file_with_runtime_dependencies(/home/pawla/ros2_ws/install/rover_description/share/colcon-core/packages/rover_description)
[0.808s] Level 1:colcon.colcon_core.environment:create_environment_scripts_only(rover_description)
[0.808s] Level 1:colcon.colcon_core.environment:checking '/home/pawla/ros2_ws/install/rover_description' for CMake module files
[0.809s] Level 1:colcon.colcon_core.environment:checking '/home/pawla/ros2_ws/install/rover_description' for CMake config files
[0.809s] Level 1:colcon.colcon_core.shell:create_environment_hook('rover_description', 'cmake_prefix_path')
[0.809s] INFO:colcon.colcon_core.shell:Creating environment hook '/home/pawla/ros2_ws/install/rover_description/share/rover_description/hook/cmake_prefix_path.ps1'
[0.809s] INFO:colcon.colcon_core.shell:Creating environment descriptor '/home/pawla/ros2_ws/install/rover_description/share/rover_description/hook/cmake_prefix_path.dsv'
[0.810s] INFO:colcon.colcon_core.shell:Creating environment hook '/home/pawla/ros2_ws/install/rover_description/share/rover_description/hook/cmake_prefix_path.sh'
[0.810s] Level 1:colcon.colcon_core.environment:checking '/home/pawla/ros2_ws/install/rover_description/bin'
[0.810s] Level 1:colcon.colcon_core.environment:checking '/home/pawla/ros2_ws/install/rover_description/lib/pkgconfig/rover_description.pc'
[0.810s] Level 1:colcon.colcon_core.environment:checking '/home/pawla/ros2_ws/install/rover_description/lib/python3.12/site-packages'
[0.811s] Level 1:colcon.colcon_core.environment:checking '/home/pawla/ros2_ws/install/rover_description/bin'
[0.811s] INFO:colcon.colcon_core.shell:Creating package script '/home/pawla/ros2_ws/install/rover_description/share/rover_description/package.ps1'
[0.812s] INFO:colcon.colcon_core.shell:Creating package descriptor '/home/pawla/ros2_ws/install/rover_description/share/rover_description/package.dsv'
[0.812s] INFO:colcon.colcon_core.shell:Creating package script '/home/pawla/ros2_ws/install/rover_description/share/rover_description/package.sh'
[0.812s] INFO:colcon.colcon_core.shell:Creating package script '/home/pawla/ros2_ws/install/rover_description/share/rover_description/package.bash'
[0.813s] INFO:colcon.colcon_core.shell:Creating package script '/home/pawla/ros2_ws/install/rover_description/share/rover_description/package.zsh'
[0.813s] Level 1:colcon.colcon_core.environment:create_file_with_runtime_dependencies(/home/pawla/ros2_ws/install/rover_description/share/colcon-core/packages/rover_description)
[1.498s] DEBUG:colcon.colcon_core.task.python.build:Available setuptools commands: clean, install_data, check, init_catalog, upload_docs, setopt, install, update_catalog, build, bdist_dumb, bdist_egg, bdist_rpm, develop, build_ext, install_lib, ptr, editable_wheel, dist_info, bdist_wheel, install_egg_info, build_py, rotate, test, sdist, symlink_data, install_scripts, pytest, saveopts, extract_messages, upload, alias, install_headers, register, compile_catalog, easy_install, bdist, build_clib, build_scripts, egg_info
[1.501s] DEBUG:colcon.colcon_core.event_handler.log_command:Invoking command in '/home/pawla/ros2_ws/src/rover_control': PYTHONPATH=/home/pawla/ros2_ws/build/rover_control/prefix_override:/usr/lib/python3/dist-packages/colcon_core/task/python/colcon_distutils_commands:/home/pawla/ros2_ws/install/rover_control/lib/python3.12/site-packages:${PYTHONPATH} /usr/bin/python3 -W ignore:setup.py install is deprecated -W ignore:easy_install command is deprecated setup.py egg_info --egg-base ../../build/rover_control build --build-base /home/pawla/ros2_ws/build/rover_control/build install --record /home/pawla/ros2_ws/build/rover_control/install.log --install-scripts $base/lib/rover_control --single-version-externally-managed install_data
[1.929s] Level 1:colcon.colcon_core.environment:checking '/home/pawla/ros2_ws/install/rover_control' for CMake module files
[1.930s] DEBUG:colcon.colcon_core.event_handler.log_command:Invoked command in '/home/pawla/ros2_ws/src/rover_control' returned '0': PYTHONPATH=/home/pawla/ros2_ws/build/rover_control/prefix_override:/usr/lib/python3/dist-packages/colcon_core/task/python/colcon_distutils_commands:/home/pawla/ros2_ws/install/rover_control/lib/python3.12/site-packages:${PYTHONPATH} /usr/bin/python3 -W ignore:setup.py install is deprecated -W ignore:easy_install command is deprecated setup.py egg_info --egg-base ../../build/rover_control build --build-base /home/pawla/ros2_ws/build/rover_control/build install --record /home/pawla/ros2_ws/build/rover_control/install.log --install-scripts $base/lib/rover_control --single-version-externally-managed install_data
[1.930s] Level 1:colcon.colcon_core.environment:checking '/home/pawla/ros2_ws/install/rover_control' for CMake config files
[1.931s] Level 1:colcon.colcon_core.environment:checking '/home/pawla/ros2_ws/install/rover_control/lib'
[1.931s] Level 1:colcon.colcon_core.environment:checking '/home/pawla/ros2_ws/install/rover_control/bin'
[1.931s] Level 1:colcon.colcon_core.environment:checking '/home/pawla/ros2_ws/install/rover_control/lib/pkgconfig/rover_control.pc'
[1.931s] Level 1:colcon.colcon_core.environment:checking '/home/pawla/ros2_ws/install/rover_control/lib/python3.12/site-packages'
[1.932s] Level 1:colcon.colcon_core.shell:create_environment_hook('rover_control', 'pythonpath')
[1.932s] INFO:colcon.colcon_core.shell:Creating environment hook '/home/pawla/ros2_ws/install/rover_control/share/rover_control/hook/pythonpath.ps1'
[1.932s] INFO:colcon.colcon_core.shell:Creating environment descriptor '/home/pawla/ros2_ws/install/rover_control/share/rover_control/hook/pythonpath.dsv'
[1.933s] INFO:colcon.colcon_core.shell:Creating environment hook '/home/pawla/ros2_ws/install/rover_control/share/rover_control/hook/pythonpath.sh'
[1.933s] Level 1:colcon.colcon_core.environment:checking '/home/pawla/ros2_ws/install/rover_control/bin'
[1.933s] Level 1:colcon.colcon_core.environment:create_environment_scripts_only(rover_control)
[1.933s] INFO:colcon.colcon_core.shell:Creating package script '/home/pawla/ros2_ws/install/rover_control/share/rover_control/package.ps1'
[1.934s] INFO:colcon.colcon_core.shell:Creating package descriptor '/home/pawla/ros2_ws/install/rover_control/share/rover_control/package.dsv'
[1.934s] INFO:colcon.colcon_core.shell:Creating package script '/home/pawla/ros2_ws/install/rover_control/share/rover_control/package.sh'
[1.934s] INFO:colcon.colcon_core.shell:Creating package script '/home/pawla/ros2_ws/install/rover_control/share/rover_control/package.bash'
[1.935s] INFO:colcon.colcon_core.shell:Creating package script '/home/pawla/ros2_ws/install/rover_control/share/rover_control/package.zsh'
[1.935s] Level 1:colcon.colcon_core.environment:create_file_with_runtime_dependencies(/home/pawla/ros2_ws/install/rover_control/share/colcon-core/packages/rover_control)
[1.935s] DEBUG:colcon.colcon_parallel_executor.executor.parallel:closing loop
[1.936s] DEBUG:colcon.colcon_parallel_executor.executor.parallel:loop closed
[1.936s] DEBUG:colcon.colcon_parallel_executor.executor.parallel:run_until_complete finished with '0'
[1.936s] DEBUG:colcon.colcon_core.event_reactor:joining thread
[1.955s] INFO:colcon.colcon_core.plugin_system:Skipping extension 'colcon_notification.desktop_notification.notify_send': Could not find 'notify-send'
[1.956s] INFO:colcon.colcon_core.plugin_system:Skipping extension 'colcon_notification.desktop_notification.terminal_notifier': Not used on non-Darwin systems
[1.956s] INFO:colcon.colcon_core.plugin_system:Skipping extension 'colcon_notification.desktop_notification.win32': Not used on non-Windows systems
[1.956s] INFO:colcon.colcon_notification.desktop_notification:Sending desktop notification using 'notify2'
[1.982s] DEBUG:colcon.colcon_notification.desktop_notification.notify2:Failed to initialize notify2: org.freedesktop.DBus.Error.ServiceUnknown: The name org.freedesktop.Notifications was not provided by any .service files
[1.982s] DEBUG:colcon.colcon_core.event_reactor:joined thread
[1.983s] INFO:colcon.colcon_core.shell:Creating prefix script '/home/pawla/ros2_ws/install/local_setup.ps1'
[1.984s] INFO:colcon.colcon_core.shell:Creating prefix util module '/home/pawla/ros2_ws/install/_local_setup_util_ps1.py'
[1.985s] INFO:colcon.colcon_core.shell:Creating prefix chain script '/home/pawla/ros2_ws/install/setup.ps1'
[1.986s] INFO:colcon.colcon_core.shell:Creating prefix script '/home/pawla/ros2_ws/install/local_setup.sh'
[1.987s] INFO:colcon.colcon_core.shell:Creating prefix util module '/home/pawla/ros2_ws/install/_local_setup_util_sh.py'
[1.988s] INFO:colcon.colcon_core.shell:Creating prefix chain script '/home/pawla/ros2_ws/install/setup.sh'
[1.989s] INFO:colcon.colcon_core.shell:Creating prefix script '/home/pawla/ros2_ws/install/local_setup.bash'
[1.990s] INFO:colcon.colcon_core.shell:Creating prefix chain script '/home/pawla/ros2_ws/install/setup.bash'
[1.993s] INFO:colcon.colcon_core.shell:Creating prefix script '/home/pawla/ros2_ws/install/local_setup.zsh'
[1.994s] INFO:colcon.colcon_core.shell:Creating prefix chain script '/home/pawla/ros2_ws/install/setup.zsh'
