[1.245s] Invoking command in '/home/pawla/ros2_ws/src/rover_control': PYTHONPATH=/home/pawla/ros2_ws/build/rover_control/prefix_override:/usr/lib/python3/dist-packages/colcon_core/task/python/colcon_distutils_commands:/home/pawla/ros2_ws/install/rover_control/lib/python3.12/site-packages:${PYTHONPATH} VIRTUAL_ENV_PROMPT=(ros_venv) /usr/bin/python3 -W ignore:setup.py install is deprecated -W ignore:easy_install command is deprecated setup.py egg_info --egg-base ../../build/rover_control build --build-base /home/pawla/ros2_ws/build/rover_control/build install --record /home/pawla/ros2_ws/build/rover_control/install.log --install-scripts $base/lib/rover_control --single-version-externally-managed install_data
[1.438s] running egg_info
[1.451s] writing ../../build/rover_control/rover_control.egg-info/PKG-INFO
[1.451s] writing dependency_links to ../../build/rover_control/rover_control.egg-info/dependency_links.txt
[1.451s] writing entry points to ../../build/rover_control/rover_control.egg-info/entry_points.txt
[1.452s] writing requirements to ../../build/rover_control/rover_control.egg-info/requires.txt
[1.452s] writing top-level names to ../../build/rover_control/rover_control.egg-info/top_level.txt
[1.486s] reading manifest file '../../build/rover_control/rover_control.egg-info/SOURCES.txt'
[1.488s] writing manifest file '../../build/rover_control/rover_control.egg-info/SOURCES.txt'
[1.488s] running build
[1.489s] running build_py
[1.489s] copying rover_control/kontrola.py -> /home/pawla/ros2_ws/build/rover_control/build/lib/rover_control
[1.490s] running install
[1.494s] running install_lib
[1.511s] copying /home/pawla/ros2_ws/build/rover_control/build/lib/rover_control/kontrola.py -> /home/pawla/ros2_ws/install/rover_control/lib/python3.12/site-packages/rover_control
[1.512s] byte-compiling /home/pawla/ros2_ws/install/rover_control/lib/python3.12/site-packages/rover_control/kontrola.py to kontrola.cpython-312.pyc
[1.515s] running install_data
[1.515s] running install_egg_info
[1.533s] removing '/home/pawla/ros2_ws/install/rover_control/lib/python3.12/site-packages/rover_control-0.0.0-py3.12.egg-info' (and everything under it)
[1.535s] Copying ../../build/rover_control/rover_control.egg-info to /home/pawla/ros2_ws/install/rover_control/lib/python3.12/site-packages/rover_control-0.0.0-py3.12.egg-info
[1.537s] running install_scripts
[1.639s] Installing kinematyka_node script to /home/pawla/ros2_ws/install/rover_control/lib/rover_control
[1.639s] writing list of installed files to '/home/pawla/ros2_ws/build/rover_control/install.log'
[1.663s] Invoked command in '/home/pawla/ros2_ws/src/rover_control' returned '0': PYTHONPATH=/home/pawla/ros2_ws/build/rover_control/prefix_override:/usr/lib/python3/dist-packages/colcon_core/task/python/colcon_distutils_commands:/home/pawla/ros2_ws/install/rover_control/lib/python3.12/site-packages:${PYTHONPATH} VIRTUAL_ENV_PROMPT=(ros_venv) /usr/bin/python3 -W ignore:setup.py install is deprecated -W ignore:easy_install command is deprecated setup.py egg_info --egg-base ../../build/rover_control build --build-base /home/pawla/ros2_ws/build/rover_control/build install --record /home/pawla/ros2_ws/build/rover_control/install.log --install-scripts $base/lib/rover_control --single-version-externally-managed install_data
